******************************************************************************
                  TI ARM Linker PC v18.12.4                    
******************************************************************************
>> Linked Fri Feb 14 16:26:30 2020

OUTPUT FILE NAME:   <Fuel_Injection(TM4C129).out>
ENTRY POINT SYMBOL: "_c_int00_noargs"  address: 0000081d


MEMORY CONFIGURATION

         name            origin    length      used     unused   attr    fill
----------------------  --------  ---------  --------  --------  ----  --------
  FLASH                 00000000   00100000  000008a6  000ff75a  R  X
  SRAM                  20000000   00040000  00000226  0003fdda  RW X


SEGMENT ALLOCATION MAP

run origin  load origin   length   init length attrs members
----------  ----------- ---------- ----------- ----- -------
00000000    00000000    000008ac   000008ac    r-x
  00000000    00000000    00000208   00000208    r-- .intvecs
  00000208    00000208    0000066a   0000066a    r-x .text
  00000878    00000878    00000034   00000034    r-- .cinit
20000000    20000000    00000226   00000000    rw-
  20000000    20000000    00000200   00000000    rw- .stack
  20000200    20000200    00000026   00000000    rw- .data


SECTION ALLOCATION MAP

 output                                  attributes/
section   page    origin      length       input sections
--------  ----  ----------  ----------   ----------------
.intvecs   0    00000000    00000208     
                  00000000    00000208     tm4c129encpdt_startup_ccs.obj (.intvecs)

.text      0    00000208    0000066a     
                  00000208    000004cc     main.obj (.text)
                  000006d4    0000009c     rtsv7M4_T_le_v4SPD16_eabi.lib : memcpy_t2.asm.obj (.text)
                  00000770    00000068                                   : copy_decompress_lzss.c.obj (.text:decompress:lzss:__TI_decompress_lzss)
                  000007d8    00000044                                   : autoinit.c.obj (.text:__TI_auto_init_nobinit_nopinit:__TI_auto_init_nobinit_nopinit)
                  0000081c    00000034                                   : boot_cortex_m.c.obj (.text:_c_int00_noargs:_c_int00_noargs)
                  00000850    0000000e                                   : copy_decompress_none.c.obj (.text:decompress:none:__TI_decompress_none)
                  0000085e    0000000c     tm4c129encpdt_startup_ccs.obj (.text)
                  0000086a    00000004     rtsv7M4_T_le_v4SPD16_eabi.lib : pre_init.c.obj (.text:_system_pre_init)
                  0000086e    00000004                                   : exit.c.obj (.text:abort:abort)

.cinit     0    00000878    00000034     
                  00000878    00000021     (.cinit..data.load) [load image, compression = lzss]
                  00000899    00000003     --HOLE-- [fill = 0]
                  0000089c    00000008     (__TI_handler_table)
                  000008a4    00000008     (__TI_cinit_table)

.init_array 
*          0    00000000    00000000     UNINITIALIZED

.data      0    20000200    00000026     UNINITIALIZED
                  20000200    00000026     main.obj (.data)

.stack     0    20000000    00000200     UNINITIALIZED
                  20000000    00000004     rtsv7M4_T_le_v4SPD16_eabi.lib : boot_cortex_m.c.obj (.stack)
                  20000004    000001fc     --HOLE--

MODULE SUMMARY

       Module                          code   ro data   rw data
       ------                          ----   -------   -------
    .\
       main.obj                        1228   0         38     
       tm4c129encpdt_startup_ccs.obj   12     520       0      
    +--+-------------------------------+------+---------+---------+
       Total:                          1240   520       38     
                                                               
    C:\ti\ccs930\ccs\tools\compiler\ti-cgt-arm_18.12.4.LTS\lib\rtsv7M4_T_le_v4SPD16_eabi.lib
       memcpy_t2.asm.obj               156    0         0      
       copy_decompress_lzss.c.obj      104    0         0      
       autoinit.c.obj                  68     0         0      
       boot_cortex_m.c.obj             52     0         0      
       copy_decompress_none.c.obj      14     0         0      
       exit.c.obj                      4      0         0      
       pre_init.c.obj                  4      0         0      
    +--+-------------------------------+------+---------+---------+
       Total:                          402    0         0      
                                                               
       Stack:                          0      0         512    
       Linker Generated:               0      49        0      
    +--+-------------------------------+------+---------+---------+
       Grand Total:                    1642   569       550    


LINKER GENERATED COPY TABLES

__TI_cinit_table @ 000008a4 records: 1, size/record: 8, table size: 8
	.data: load addr=00000878, load size=00000021 bytes, run addr=20000200, run size=00000026 bytes, compression=lzss


LINKER GENERATED HANDLER TABLE

__TI_handler_table @ 0000089c records: 2, size/record: 4, table size: 8
	index: 0, handler: __TI_decompress_lzss
	index: 1, handler: __TI_decompress_none


GLOBAL SYMBOLS: SORTED ALPHABETICALLY BY Name 

address   name                          
-------   ----                          
0000086f  C$$EXIT                       
UNDEFED   EnableInterrupts              
00000295  GPIOPortF_Handler             
0000043f  GPIO_Init                     
00000209  PortM_Interrupt_Init          
0000085f  ResetISR                      
2000020c  TDC                           
000002e7  Timer0A_Handler               
00000491  Timer0_Init                   
000002f9  Timer1A_Handler               
000004df  Timer1_Init                   
0000052d  Timer2_Init                   
0000030b  Timer3A_Handler               
0000054f  Timer3_Init                   
20000200  __STACK_END                   
00000200  __STACK_SIZE                  
20000200  __STACK_TOP                   
000008a4  __TI_CINIT_Base               
000008ac  __TI_CINIT_Limit              
0000089c  __TI_Handler_Table_Base       
000008a4  __TI_Handler_Table_Limit      
000007d9  __TI_auto_init_nobinit_nopinit
00000771  __TI_decompress_lzss          
00000851  __TI_decompress_none          
ffffffff  __TI_pprof_out_hndl           
ffffffff  __TI_prof_data_size           
ffffffff  __TI_prof_data_start          
00000000  __TI_static_base__            
000006d5  __aeabi_memcpy                
000006d5  __aeabi_memcpy4               
000006d5  __aeabi_memcpy8               
ffffffff  __binit__                     
ffffffff  __c_args__                    
UNDEFED   __mpu_init                    
20000000  __stack                       
0000081d  _c_int00_noargs               
UNDEFED   _system_post_cinit            
0000086b  _system_pre_init              
0000086f  abort                         
20000210  advance                       
ffffffff  binit                         
20000204  crank_period                  
20000200  crank_period_capture          
20000224  cyl_to_fuel_front             
20000225  cyl_to_fuel_rear              
20000216  fuel_duration                 
00000000  g_pfnVectors                  
20000208  half_crank_period             
000005c1  main                          
000006d5  memcpy                        
20000214  spark_duration                


GLOBAL SYMBOLS: SORTED BY Symbol Address 

address   name                          
-------   ----                          
00000000  __TI_static_base__            
00000000  g_pfnVectors                  
00000200  __STACK_SIZE                  
00000209  PortM_Interrupt_Init          
00000295  GPIOPortF_Handler             
000002e7  Timer0A_Handler               
000002f9  Timer1A_Handler               
0000030b  Timer3A_Handler               
0000043f  GPIO_Init                     
00000491  Timer0_Init                   
000004df  Timer1_Init                   
0000052d  Timer2_Init                   
0000054f  Timer3_Init                   
000005c1  main                          
000006d5  __aeabi_memcpy                
000006d5  __aeabi_memcpy4               
000006d5  __aeabi_memcpy8               
000006d5  memcpy                        
00000771  __TI_decompress_lzss          
000007d9  __TI_auto_init_nobinit_nopinit
0000081d  _c_int00_noargs               
00000851  __TI_decompress_none          
0000085f  ResetISR                      
0000086b  _system_pre_init              
0000086f  C$$EXIT                       
0000086f  abort                         
0000089c  __TI_Handler_Table_Base       
000008a4  __TI_CINIT_Base               
000008a4  __TI_Handler_Table_Limit      
000008ac  __TI_CINIT_Limit              
20000000  __stack                       
20000200  __STACK_END                   
20000200  __STACK_TOP                   
20000200  crank_period_capture          
20000204  crank_period                  
20000208  half_crank_period             
2000020c  TDC                           
20000210  advance                       
20000214  spark_duration                
20000216  fuel_duration                 
20000224  cyl_to_fuel_front             
20000225  cyl_to_fuel_rear              
ffffffff  __TI_pprof_out_hndl           
ffffffff  __TI_prof_data_size           
ffffffff  __TI_prof_data_start          
ffffffff  __binit__                     
ffffffff  __c_args__                    
ffffffff  binit                         
UNDEFED   EnableInterrupts              
UNDEFED   __mpu_init                    
UNDEFED   _system_post_cinit            

[51 symbols]
