<?xml version="1.0" encoding="ISO-8859-1" ?>
<link_info>
   <banner>TI ARM Linker PC v18.12.4.LTS</banner>
   <copyright>Copyright (c) 1996-2018 Texas Instruments Incorporated</copyright>
   <link_time>0x5e08310a</link_time>
   <link_errors>0x0</link_errors>
   <output_file>Fuel_Injection.out</output_file>
   <entry_point>
      <name>_c_int00_noargs</name>
      <address>0x695</address>
   </entry_point>
   <input_file_list>
      <input_file id="fl-2">
         <path>.\</path>
         <kind>object</kind>
         <file>main.obj</file>
         <name>main.obj</name>
      </input_file>
      <input_file id="fl-3">
         <path>.\</path>
         <kind>object</kind>
         <file>tm4c123gh6pm_startup_ccs.obj</file>
         <name>tm4c123gh6pm_startup_ccs.obj</name>
      </input_file>
      <input_file id="fl-7">
         <kind>object</kind>
         <file>&lt;internal&gt;</file>
         <name>&lt;internal&gt;</name>
      </input_file>
      <input_file id="fl-bd">
         <path>C:\ti\ccs930\ccs\tools\compiler\ti-cgt-arm_18.12.4.LTS\lib\</path>
         <kind>archive</kind>
         <file>rtsv7M4_T_le_v4SPD16_eabi.lib</file>
         <name>copy_zero_init.c.obj</name>
      </input_file>
      <input_file id="fl-be">
         <path>C:\ti\ccs930\ccs\tools\compiler\ti-cgt-arm_18.12.4.LTS\lib\</path>
         <kind>archive</kind>
         <file>rtsv7M4_T_le_v4SPD16_eabi.lib</file>
         <name>copy_decompress_none.c.obj</name>
      </input_file>
      <input_file id="fl-bf">
         <path>C:\ti\ccs930\ccs\tools\compiler\ti-cgt-arm_18.12.4.LTS\lib\</path>
         <kind>archive</kind>
         <file>rtsv7M4_T_le_v4SPD16_eabi.lib</file>
         <name>copy_decompress_lzss.c.obj</name>
      </input_file>
      <input_file id="fl-c0">
         <path>C:\ti\ccs930\ccs\tools\compiler\ti-cgt-arm_18.12.4.LTS\lib\</path>
         <kind>archive</kind>
         <file>rtsv7M4_T_le_v4SPD16_eabi.lib</file>
         <name>boot_cortex_m.c.obj</name>
      </input_file>
      <input_file id="fl-c1">
         <path>C:\ti\ccs930\ccs\tools\compiler\ti-cgt-arm_18.12.4.LTS\lib\</path>
         <kind>archive</kind>
         <file>rtsv7M4_T_le_v4SPD16_eabi.lib</file>
         <name>memcpy_t2.asm.obj</name>
      </input_file>
      <input_file id="fl-c2">
         <path>C:\ti\ccs930\ccs\tools\compiler\ti-cgt-arm_18.12.4.LTS\lib\</path>
         <kind>archive</kind>
         <file>rtsv7M4_T_le_v4SPD16_eabi.lib</file>
         <name>memset_t2.asm.obj</name>
      </input_file>
      <input_file id="fl-c3">
         <path>C:\ti\ccs930\ccs\tools\compiler\ti-cgt-arm_18.12.4.LTS\lib\</path>
         <kind>archive</kind>
         <file>rtsv7M4_T_le_v4SPD16_eabi.lib</file>
         <name>autoinit.c.obj</name>
      </input_file>
      <input_file id="fl-c4">
         <path>C:\ti\ccs930\ccs\tools\compiler\ti-cgt-arm_18.12.4.LTS\lib\</path>
         <kind>archive</kind>
         <file>rtsv7M4_T_le_v4SPD16_eabi.lib</file>
         <name>pre_init.c.obj</name>
      </input_file>
      <input_file id="fl-c5">
         <path>C:\ti\ccs930\ccs\tools\compiler\ti-cgt-arm_18.12.4.LTS\lib\</path>
         <kind>archive</kind>
         <file>rtsv7M4_T_le_v4SPD16_eabi.lib</file>
         <name>cpy_tbl.c.obj</name>
      </input_file>
      <input_file id="fl-c6">
         <path>C:\ti\ccs930\ccs\tools\compiler\ti-cgt-arm_18.12.4.LTS\lib\</path>
         <kind>archive</kind>
         <file>rtsv7M4_T_le_v4SPD16_eabi.lib</file>
         <name>exit.c.obj</name>
      </input_file>
      <input_file id="fl-c7">
         <path>C:\ti\ccs930\ccs\tools\compiler\ti-cgt-arm_18.12.4.LTS\lib\</path>
         <kind>archive</kind>
         <file>rtsv7M4_T_le_v4SPD16_eabi.lib</file>
         <name>_lock.c.obj</name>
      </input_file>
      <input_file id="fl-c8">
         <path>C:\ti\ccs930\ccs\tools\compiler\ti-cgt-arm_18.12.4.LTS\lib\</path>
         <kind>archive</kind>
         <file>rtsv7M4_T_le_v4SPD16_eabi.lib</file>
         <name>args_main.c.obj</name>
      </input_file>
   </input_file_list>
   <object_component_list>
      <object_component id="oc-f">
         <name>.intvecs</name>
         <load_address>0x0</load_address>
         <run_address>0x0</run_address>
         <size>0x26c</size>
         <input_file_ref idref="fl-3"/>
      </object_component>
      <object_component id="oc-2a">
         <name>.text</name>
         <load_address>0x26c</load_address>
         <run_address>0x26c</run_address>
         <size>0x1cc</size>
         <input_file_ref idref="fl-2"/>
      </object_component>
      <object_component id="oc-24">
         <name>.text</name>
         <load_address>0x438</load_address>
         <run_address>0x438</run_address>
         <size>0x112</size>
         <input_file_ref idref="fl-3"/>
      </object_component>
      <object_component id="oc-3e">
         <name>.text</name>
         <load_address>0x54a</load_address>
         <run_address>0x54a</run_address>
         <size>0x9c</size>
         <input_file_ref idref="fl-c1"/>
      </object_component>
      <object_component id="oc-12">
         <name>.text:decompress:lzss:__TI_decompress_lzss</name>
         <load_address>0x5e6</load_address>
         <run_address>0x5e6</run_address>
         <size>0x68</size>
         <input_file_ref idref="fl-bf"/>
      </object_component>
      <object_component id="oc-d2">
         <name>.text:__TI_auto_init_nobinit_nopinit:__TI_auto_init_nobinit_nopinit</name>
         <load_address>0x650</load_address>
         <run_address>0x650</run_address>
         <size>0x44</size>
         <input_file_ref idref="fl-c3"/>
      </object_component>
      <object_component id="oc-5c">
         <name>.text:_c_int00_noargs:_c_int00_noargs</name>
         <load_address>0x694</load_address>
         <run_address>0x694</run_address>
         <size>0x34</size>
         <input_file_ref idref="fl-c0"/>
      </object_component>
      <object_component id="oc-18">
         <name>.text:decompress:none:__TI_decompress_none</name>
         <load_address>0x6c8</load_address>
         <run_address>0x6c8</run_address>
         <size>0xe</size>
         <input_file_ref idref="fl-be"/>
      </object_component>
      <object_component id="oc-9c">
         <name>.text:_system_pre_init</name>
         <load_address>0x6d6</load_address>
         <run_address>0x6d6</run_address>
         <size>0x4</size>
         <input_file_ref idref="fl-c4"/>
      </object_component>
      <object_component id="oc-c6">
         <name>.text:abort:abort</name>
         <load_address>0x6da</load_address>
         <run_address>0x6da</run_address>
         <size>0x4</size>
         <input_file_ref idref="fl-c6"/>
      </object_component>
      <object_component id="oc-17d">
         <name>__TI_handler_table</name>
         <load_address>0x6e0</load_address>
         <run_address>0x6e0</run_address>
         <size>0x8</size>
      </object_component>
      <object_component id="oc-17f">
         <name>.cinit..data.load</name>
         <load_address>0x6e8</load_address>
         <run_address>0x6e8</run_address>
         <size>0x7</size>
      </object_component>
      <object_component id="oc-17e">
         <name>__TI_cinit_table</name>
         <load_address>0x6f0</load_address>
         <run_address>0x6f0</run_address>
         <size>0x8</size>
      </object_component>
      <object_component id="oc-71">
         <name>.data</name>
         <load_address>0x20000200</load_address>
         <run_address>0x20000200</run_address>
         <size>0x4</size>
         <input_file_ref idref="fl-2"/>
      </object_component>
      <object_component id="oc-21">
         <name>.stack</name>
         <uninitialized>true</uninitialized>
         <run_address>0x20000000</run_address>
         <size>0x4</size>
         <input_file_ref idref="fl-c0"/>
      </object_component>
      <object_component id="oc-180">
         <name>.stack</name>
         <uninitialized>true</uninitialized>
         <run_address>0x20000000</run_address>
         <size>0x0</size>
      </object_component>
      <object_component id="oc-b0">
         <name>.debug_info</name>
         <load_address>0x0</load_address>
         <run_address>0x0</run_address>
         <size>0x295</size>
         <input_file_ref idref="fl-2"/>
      </object_component>
      <object_component id="oc-72">
         <name>.debug_info</name>
         <load_address>0x295</load_address>
         <run_address>0x295</run_address>
         <size>0xe5</size>
         <input_file_ref idref="fl-2"/>
      </object_component>
      <object_component id="oc-2b">
         <name>.debug_info</name>
         <load_address>0x37a</load_address>
         <run_address>0x37a</run_address>
         <size>0x279</size>
         <input_file_ref idref="fl-2"/>
      </object_component>
      <object_component id="oc-7c">
         <name>.debug_info</name>
         <load_address>0x5f3</load_address>
         <run_address>0x5f3</run_address>
         <size>0x26b</size>
         <input_file_ref idref="fl-2"/>
      </object_component>
      <object_component id="oc-39">
         <name>.debug_info</name>
         <load_address>0x85e</load_address>
         <run_address>0x85e</run_address>
         <size>0x84</size>
         <input_file_ref idref="fl-2"/>
      </object_component>
      <object_component id="oc-b1">
         <name>.debug_info</name>
         <load_address>0x8e2</load_address>
         <run_address>0x8e2</run_address>
         <size>0x297</size>
         <input_file_ref idref="fl-2"/>
      </object_component>
      <object_component id="oc-75">
         <name>.debug_info</name>
         <load_address>0xb79</load_address>
         <run_address>0xb79</run_address>
         <size>0xbb</size>
         <input_file_ref idref="fl-2"/>
      </object_component>
      <object_component id="oc-32">
         <name>.debug_info</name>
         <load_address>0xc34</load_address>
         <run_address>0xc34</run_address>
         <size>0x2ba</size>
         <input_file_ref idref="fl-3"/>
      </object_component>
      <object_component id="oc-10">
         <name>.debug_info</name>
         <load_address>0xeee</load_address>
         <run_address>0xeee</run_address>
         <size>0xf9</size>
         <input_file_ref idref="fl-3"/>
      </object_component>
      <object_component id="oc-26">
         <name>.debug_info</name>
         <load_address>0xfe7</load_address>
         <run_address>0xfe7</run_address>
         <size>0x39d4</size>
         <input_file_ref idref="fl-3"/>
      </object_component>
      <object_component id="oc-49">
         <name>.debug_info</name>
         <load_address>0x49bb</load_address>
         <run_address>0x49bb</run_address>
         <size>0x2a7</size>
         <input_file_ref idref="fl-be"/>
      </object_component>
      <object_component id="oc-1b">
         <name>.debug_info</name>
         <load_address>0x4c62</load_address>
         <run_address>0x4c62</run_address>
         <size>0x1e9</size>
         <input_file_ref idref="fl-be"/>
      </object_component>
      <object_component id="oc-44">
         <name>.debug_info</name>
         <load_address>0x4e4b</load_address>
         <run_address>0x4e4b</run_address>
         <size>0x46</size>
         <input_file_ref idref="fl-be"/>
      </object_component>
      <object_component id="oc-88">
         <name>.debug_info</name>
         <load_address>0x4e91</load_address>
         <run_address>0x4e91</run_address>
         <size>0x2c</size>
         <input_file_ref idref="fl-be"/>
      </object_component>
      <object_component id="oc-86">
         <name>.debug_info</name>
         <load_address>0x4ebd</load_address>
         <run_address>0x4ebd</run_address>
         <size>0x29d</size>
         <input_file_ref idref="fl-bf"/>
      </object_component>
      <object_component id="oc-15">
         <name>.debug_info</name>
         <load_address>0x515a</load_address>
         <run_address>0x515a</run_address>
         <size>0x24f</size>
         <input_file_ref idref="fl-bf"/>
      </object_component>
      <object_component id="oc-34">
         <name>.debug_info</name>
         <load_address>0x53a9</load_address>
         <run_address>0x53a9</run_address>
         <size>0x60</size>
         <input_file_ref idref="fl-bf"/>
      </object_component>
      <object_component id="oc-b6">
         <name>.debug_info</name>
         <load_address>0x5409</load_address>
         <run_address>0x5409</run_address>
         <size>0x46</size>
         <input_file_ref idref="fl-bf"/>
      </object_component>
      <object_component id="oc-81">
         <name>.debug_info</name>
         <load_address>0x544f</load_address>
         <run_address>0x544f</run_address>
         <size>0x39</size>
         <input_file_ref idref="fl-bf"/>
      </object_component>
      <object_component id="oc-22">
         <name>.debug_info</name>
         <load_address>0x5488</load_address>
         <run_address>0x5488</run_address>
         <size>0x10a</size>
         <input_file_ref idref="fl-c0"/>
      </object_component>
      <object_component id="oc-5e">
         <name>.debug_info</name>
         <load_address>0x5592</load_address>
         <run_address>0x5592</run_address>
         <size>0x1a8</size>
         <input_file_ref idref="fl-c0"/>
      </object_component>
      <object_component id="oc-3f">
         <name>.debug_info</name>
         <load_address>0x573a</load_address>
         <run_address>0x573a</run_address>
         <size>0x118</size>
         <input_file_ref idref="fl-c1"/>
      </object_component>
      <object_component id="oc-111">
         <name>.debug_info</name>
         <load_address>0x5852</load_address>
         <run_address>0x5852</run_address>
         <size>0x4b2</size>
         <input_file_ref idref="fl-c3"/>
      </object_component>
      <object_component id="oc-d3">
         <name>.debug_info</name>
         <load_address>0x5d04</load_address>
         <run_address>0x5d04</run_address>
         <size>0x1a5</size>
         <input_file_ref idref="fl-c3"/>
      </object_component>
      <object_component id="oc-136">
         <name>.debug_info</name>
         <load_address>0x5ea9</load_address>
         <run_address>0x5ea9</run_address>
         <size>0x39</size>
         <input_file_ref idref="fl-c3"/>
      </object_component>
      <object_component id="oc-14a">
         <name>.debug_info</name>
         <load_address>0x5ee2</load_address>
         <run_address>0x5ee2</run_address>
         <size>0x39</size>
         <input_file_ref idref="fl-c3"/>
      </object_component>
      <object_component id="oc-13b">
         <name>.debug_info</name>
         <load_address>0x5f1b</load_address>
         <run_address>0x5f1b</run_address>
         <size>0x39</size>
         <input_file_ref idref="fl-c3"/>
      </object_component>
      <object_component id="oc-140">
         <name>.debug_info</name>
         <load_address>0x5f54</load_address>
         <run_address>0x5f54</run_address>
         <size>0xcd</size>
         <input_file_ref idref="fl-c3"/>
      </object_component>
      <object_component id="oc-9e">
         <name>.debug_info</name>
         <load_address>0x6021</load_address>
         <run_address>0x6021</run_address>
         <size>0x152</size>
         <input_file_ref idref="fl-c4"/>
      </object_component>
      <object_component id="oc-c8">
         <name>.debug_info</name>
         <load_address>0x6173</load_address>
         <run_address>0x6173</run_address>
         <size>0x121</size>
         <input_file_ref idref="fl-c6"/>
      </object_component>
      <object_component id="oc-181">
         <name>.debug_info</name>
         <load_address>0x6294</load_address>
         <run_address>0x6294</run_address>
         <size>0xac</size>
      </object_component>
      <object_component id="oc-105">
         <name>.debug_line</name>
         <load_address>0x0</load_address>
         <run_address>0x0</run_address>
         <size>0x2d</size>
         <input_file_ref idref="fl-2"/>
      </object_component>
      <object_component id="oc-af">
         <name>.debug_line</name>
         <load_address>0x2d</load_address>
         <run_address>0x2d</run_address>
         <size>0x2d</size>
         <input_file_ref idref="fl-2"/>
      </object_component>
      <object_component id="oc-2f">
         <name>.debug_line</name>
         <load_address>0x5a</load_address>
         <run_address>0x5a</run_address>
         <size>0xb5</size>
         <input_file_ref idref="fl-2"/>
      </object_component>
      <object_component id="oc-7f">
         <name>.debug_line</name>
         <load_address>0x10f</load_address>
         <run_address>0x10f</run_address>
         <size>0x6f</size>
         <input_file_ref idref="fl-2"/>
      </object_component>
      <object_component id="oc-3c">
         <name>.debug_line</name>
         <load_address>0x17e</load_address>
         <run_address>0x17e</run_address>
         <size>0x20</size>
         <input_file_ref idref="fl-2"/>
      </object_component>
      <object_component id="oc-b4">
         <name>.debug_line</name>
         <load_address>0x19e</load_address>
         <run_address>0x19e</run_address>
         <size>0x73</size>
         <input_file_ref idref="fl-2"/>
      </object_component>
      <object_component id="oc-78">
         <name>.debug_line</name>
         <load_address>0x211</load_address>
         <run_address>0x211</run_address>
         <size>0x70</size>
         <input_file_ref idref="fl-2"/>
      </object_component>
      <object_component id="oc-7b">
         <name>.debug_line</name>
         <load_address>0x281</load_address>
         <run_address>0x281</run_address>
         <size>0x41</size>
         <input_file_ref idref="fl-3"/>
      </object_component>
      <object_component id="oc-31">
         <name>.debug_line</name>
         <load_address>0x2c2</load_address>
         <run_address>0x2c2</run_address>
         <size>0x41</size>
         <input_file_ref idref="fl-3"/>
      </object_component>
      <object_component id="oc-25">
         <name>.debug_line</name>
         <load_address>0x303</load_address>
         <run_address>0x303</run_address>
         <size>0xc38</size>
         <input_file_ref idref="fl-3"/>
      </object_component>
      <object_component id="oc-8e">
         <name>.debug_line</name>
         <load_address>0xf3b</load_address>
         <run_address>0xf3b</run_address>
         <size>0x20</size>
         <input_file_ref idref="fl-be"/>
      </object_component>
      <object_component id="oc-19">
         <name>.debug_line</name>
         <load_address>0xf5b</load_address>
         <run_address>0xf5b</run_address>
         <size>0x55</size>
         <input_file_ref idref="fl-be"/>
      </object_component>
      <object_component id="oc-47">
         <name>.debug_line</name>
         <load_address>0xfb0</load_address>
         <run_address>0xfb0</run_address>
         <size>0x3a</size>
         <input_file_ref idref="fl-be"/>
      </object_component>
      <object_component id="oc-8b">
         <name>.debug_line</name>
         <load_address>0xfea</load_address>
         <run_address>0xfea</run_address>
         <size>0x90</size>
         <input_file_ref idref="fl-be"/>
      </object_component>
      <object_component id="oc-bc">
         <name>.debug_line</name>
         <load_address>0x107a</load_address>
         <run_address>0x107a</run_address>
         <size>0x20</size>
         <input_file_ref idref="fl-bf"/>
      </object_component>
      <object_component id="oc-14">
         <name>.debug_line</name>
         <load_address>0x109a</load_address>
         <run_address>0x109a</run_address>
         <size>0xa9</size>
         <input_file_ref idref="fl-bf"/>
      </object_component>
      <object_component id="oc-37">
         <name>.debug_line</name>
         <load_address>0x1143</load_address>
         <run_address>0x1143</run_address>
         <size>0x3a</size>
         <input_file_ref idref="fl-bf"/>
      </object_component>
      <object_component id="oc-b9">
         <name>.debug_line</name>
         <load_address>0x117d</load_address>
         <run_address>0x117d</run_address>
         <size>0x98</size>
         <input_file_ref idref="fl-bf"/>
      </object_component>
      <object_component id="oc-84">
         <name>.debug_line</name>
         <load_address>0x1215</load_address>
         <run_address>0x1215</run_address>
         <size>0x94</size>
         <input_file_ref idref="fl-bf"/>
      </object_component>
      <object_component id="oc-6f">
         <name>.debug_line</name>
         <load_address>0x12a9</load_address>
         <run_address>0x12a9</run_address>
         <size>0x33</size>
         <input_file_ref idref="fl-c0"/>
      </object_component>
      <object_component id="oc-61">
         <name>.debug_line</name>
         <load_address>0x12dc</load_address>
         <run_address>0x12dc</run_address>
         <size>0x45</size>
         <input_file_ref idref="fl-c0"/>
      </object_component>
      <object_component id="oc-42">
         <name>.debug_line</name>
         <load_address>0x1321</load_address>
         <run_address>0x1321</run_address>
         <size>0x88</size>
         <input_file_ref idref="fl-c1"/>
      </object_component>
      <object_component id="oc-135">
         <name>.debug_line</name>
         <load_address>0x13a9</load_address>
         <run_address>0x13a9</run_address>
         <size>0xbd</size>
         <input_file_ref idref="fl-c3"/>
      </object_component>
      <object_component id="oc-d7">
         <name>.debug_line</name>
         <load_address>0x1466</load_address>
         <run_address>0x1466</run_address>
         <size>0x6f</size>
         <input_file_ref idref="fl-c3"/>
      </object_component>
      <object_component id="oc-139">
         <name>.debug_line</name>
         <load_address>0x14d5</load_address>
         <run_address>0x14d5</run_address>
         <size>0x2e</size>
         <input_file_ref idref="fl-c3"/>
      </object_component>
      <object_component id="oc-14d">
         <name>.debug_line</name>
         <load_address>0x1503</load_address>
         <run_address>0x1503</run_address>
         <size>0x98</size>
         <input_file_ref idref="fl-c3"/>
      </object_component>
      <object_component id="oc-13e">
         <name>.debug_line</name>
         <load_address>0x159b</load_address>
         <run_address>0x159b</run_address>
         <size>0x95</size>
         <input_file_ref idref="fl-c3"/>
      </object_component>
      <object_component id="oc-143">
         <name>.debug_line</name>
         <load_address>0x1630</load_address>
         <run_address>0x1630</run_address>
         <size>0x91</size>
         <input_file_ref idref="fl-c3"/>
      </object_component>
      <object_component id="oc-9d">
         <name>.debug_line</name>
         <load_address>0x16c1</load_address>
         <run_address>0x16c1</run_address>
         <size>0x40</size>
         <input_file_ref idref="fl-c4"/>
      </object_component>
      <object_component id="oc-cb">
         <name>.debug_line</name>
         <load_address>0x1701</load_address>
         <run_address>0x1701</run_address>
         <size>0x3c</size>
         <input_file_ref idref="fl-c6"/>
      </object_component>
      <object_component id="oc-2e">
         <name>.debug_frame</name>
         <load_address>0x0</load_address>
         <run_address>0x0</run_address>
         <size>0xa0</size>
         <input_file_ref idref="fl-2"/>
      </object_component>
      <object_component id="oc-29">
         <name>.debug_frame</name>
         <load_address>0xa0</load_address>
         <run_address>0xa0</run_address>
         <size>0xa2c</size>
         <input_file_ref idref="fl-3"/>
      </object_component>
      <object_component id="oc-1d">
         <name>.debug_frame</name>
         <load_address>0xacc</load_address>
         <run_address>0xacc</run_address>
         <size>0x54</size>
         <input_file_ref idref="fl-be"/>
      </object_component>
      <object_component id="oc-13">
         <name>.debug_frame</name>
         <load_address>0xb20</load_address>
         <run_address>0xb20</run_address>
         <size>0x60</size>
         <input_file_ref idref="fl-bf"/>
      </object_component>
      <object_component id="oc-5d">
         <name>.debug_frame</name>
         <load_address>0xb80</load_address>
         <run_address>0xb80</run_address>
         <size>0x50</size>
         <input_file_ref idref="fl-c0"/>
      </object_component>
      <object_component id="oc-d6">
         <name>.debug_frame</name>
         <load_address>0xbd0</load_address>
         <run_address>0xbd0</run_address>
         <size>0x5c</size>
         <input_file_ref idref="fl-c3"/>
      </object_component>
      <object_component id="oc-a1">
         <name>.debug_frame</name>
         <load_address>0xc2c</load_address>
         <run_address>0xc2c</run_address>
         <size>0x54</size>
         <input_file_ref idref="fl-c4"/>
      </object_component>
      <object_component id="oc-ca">
         <name>.debug_frame</name>
         <load_address>0xc80</load_address>
         <run_address>0xc80</run_address>
         <size>0x54</size>
         <input_file_ref idref="fl-c6"/>
      </object_component>
      <object_component id="oc-104">
         <name>.debug_abbrev</name>
         <load_address>0x0</load_address>
         <run_address>0x0</run_address>
         <size>0x42</size>
         <input_file_ref idref="fl-2"/>
      </object_component>
      <object_component id="oc-ae">
         <name>.debug_abbrev</name>
         <load_address>0x42</load_address>
         <run_address>0x42</run_address>
         <size>0x29</size>
         <input_file_ref idref="fl-2"/>
      </object_component>
      <object_component id="oc-74">
         <name>.debug_abbrev</name>
         <load_address>0x6b</load_address>
         <run_address>0x6b</run_address>
         <size>0xa9</size>
         <input_file_ref idref="fl-2"/>
      </object_component>
      <object_component id="oc-7e">
         <name>.debug_abbrev</name>
         <load_address>0x114</load_address>
         <run_address>0x114</run_address>
         <size>0x69</size>
         <input_file_ref idref="fl-2"/>
      </object_component>
      <object_component id="oc-3b">
         <name>.debug_abbrev</name>
         <load_address>0x17d</load_address>
         <run_address>0x17d</run_address>
         <size>0x1f</size>
         <input_file_ref idref="fl-2"/>
      </object_component>
      <object_component id="oc-b3">
         <name>.debug_abbrev</name>
         <load_address>0x19c</load_address>
         <run_address>0x19c</run_address>
         <size>0x5c</size>
         <input_file_ref idref="fl-2"/>
      </object_component>
      <object_component id="oc-77">
         <name>.debug_abbrev</name>
         <load_address>0x1f8</load_address>
         <run_address>0x1f8</run_address>
         <size>0x24</size>
         <input_file_ref idref="fl-2"/>
      </object_component>
      <object_component id="oc-7a">
         <name>.debug_abbrev</name>
         <load_address>0x21c</load_address>
         <run_address>0x21c</run_address>
         <size>0x68</size>
         <input_file_ref idref="fl-3"/>
      </object_component>
      <object_component id="oc-30">
         <name>.debug_abbrev</name>
         <load_address>0x284</load_address>
         <run_address>0x284</run_address>
         <size>0x29</size>
         <input_file_ref idref="fl-3"/>
      </object_component>
      <object_component id="oc-70">
         <name>.debug_abbrev</name>
         <load_address>0x2ad</load_address>
         <run_address>0x2ad</run_address>
         <size>0xa4</size>
         <input_file_ref idref="fl-3"/>
      </object_component>
      <object_component id="oc-8d">
         <name>.debug_abbrev</name>
         <load_address>0x351</load_address>
         <run_address>0x351</run_address>
         <size>0x37</size>
         <input_file_ref idref="fl-be"/>
      </object_component>
      <object_component id="oc-43">
         <name>.debug_abbrev</name>
         <load_address>0x388</load_address>
         <run_address>0x388</run_address>
         <size>0x74</size>
         <input_file_ref idref="fl-be"/>
      </object_component>
      <object_component id="oc-46">
         <name>.debug_abbrev</name>
         <load_address>0x3fc</load_address>
         <run_address>0x3fc</run_address>
         <size>0x24</size>
         <input_file_ref idref="fl-be"/>
      </object_component>
      <object_component id="oc-8a">
         <name>.debug_abbrev</name>
         <load_address>0x420</load_address>
         <run_address>0x420</run_address>
         <size>0x24</size>
         <input_file_ref idref="fl-be"/>
      </object_component>
      <object_component id="oc-bb">
         <name>.debug_abbrev</name>
         <load_address>0x444</load_address>
         <run_address>0x444</run_address>
         <size>0x37</size>
         <input_file_ref idref="fl-bf"/>
      </object_component>
      <object_component id="oc-33">
         <name>.debug_abbrev</name>
         <load_address>0x47b</load_address>
         <run_address>0x47b</run_address>
         <size>0x6f</size>
         <input_file_ref idref="fl-bf"/>
      </object_component>
      <object_component id="oc-36">
         <name>.debug_abbrev</name>
         <load_address>0x4ea</load_address>
         <run_address>0x4ea</run_address>
         <size>0x24</size>
         <input_file_ref idref="fl-bf"/>
      </object_component>
      <object_component id="oc-b8">
         <name>.debug_abbrev</name>
         <load_address>0x50e</load_address>
         <run_address>0x50e</run_address>
         <size>0x35</size>
         <input_file_ref idref="fl-bf"/>
      </object_component>
      <object_component id="oc-83">
         <name>.debug_abbrev</name>
         <load_address>0x543</load_address>
         <run_address>0x543</run_address>
         <size>0x24</size>
         <input_file_ref idref="fl-bf"/>
      </object_component>
      <object_component id="oc-6e">
         <name>.debug_abbrev</name>
         <load_address>0x567</load_address>
         <run_address>0x567</run_address>
         <size>0x29</size>
         <input_file_ref idref="fl-c0"/>
      </object_component>
      <object_component id="oc-a5">
         <name>.debug_abbrev</name>
         <load_address>0x590</load_address>
         <run_address>0x590</run_address>
         <size>0x55</size>
         <input_file_ref idref="fl-c0"/>
      </object_component>
      <object_component id="oc-87">
         <name>.debug_abbrev</name>
         <load_address>0x5e5</load_address>
         <run_address>0x5e5</run_address>
         <size>0x3e</size>
         <input_file_ref idref="fl-c1"/>
      </object_component>
      <object_component id="oc-134">
         <name>.debug_abbrev</name>
         <load_address>0x623</load_address>
         <run_address>0x623</run_address>
         <size>0xc0</size>
         <input_file_ref idref="fl-c3"/>
      </object_component>
      <object_component id="oc-110">
         <name>.debug_abbrev</name>
         <load_address>0x6e3</load_address>
         <run_address>0x6e3</run_address>
         <size>0x7e</size>
         <input_file_ref idref="fl-c3"/>
      </object_component>
      <object_component id="oc-138">
         <name>.debug_abbrev</name>
         <load_address>0x761</load_address>
         <run_address>0x761</run_address>
         <size>0x24</size>
         <input_file_ref idref="fl-c3"/>
      </object_component>
      <object_component id="oc-14c">
         <name>.debug_abbrev</name>
         <load_address>0x785</load_address>
         <run_address>0x785</run_address>
         <size>0x24</size>
         <input_file_ref idref="fl-c3"/>
      </object_component>
      <object_component id="oc-13d">
         <name>.debug_abbrev</name>
         <load_address>0x7a9</load_address>
         <run_address>0x7a9</run_address>
         <size>0x24</size>
         <input_file_ref idref="fl-c3"/>
      </object_component>
      <object_component id="oc-142">
         <name>.debug_abbrev</name>
         <load_address>0x7cd</load_address>
         <run_address>0x7cd</run_address>
         <size>0x4b</size>
         <input_file_ref idref="fl-c3"/>
      </object_component>
      <object_component id="oc-c5">
         <name>.debug_abbrev</name>
         <load_address>0x818</load_address>
         <run_address>0x818</run_address>
         <size>0x55</size>
         <input_file_ref idref="fl-c4"/>
      </object_component>
      <object_component id="oc-106">
         <name>.debug_abbrev</name>
         <load_address>0x86d</load_address>
         <run_address>0x86d</run_address>
         <size>0x45</size>
         <input_file_ref idref="fl-c6"/>
      </object_component>
      <object_component id="oc-182">
         <name>.debug_abbrev</name>
         <load_address>0x8b2</load_address>
         <run_address>0x8b2</run_address>
         <size>0xf</size>
      </object_component>
      <object_component id="oc-80">
         <name>.debug_str</name>
         <load_address>0x0</load_address>
         <run_address>0x0</run_address>
         <size>0x2bd</size>
         <input_file_ref idref="fl-2"/>
      </object_component>
      <object_component id="oc-3d">
         <name>.debug_str</name>
         <load_address>0x2bd</load_address>
         <run_address>0x2bd</run_address>
         <size>0xfe</size>
         <input_file_ref idref="fl-2"/>
      </object_component>
      <object_component id="oc-b5">
         <name>.debug_str</name>
         <load_address>0x3bb</load_address>
         <run_address>0x3bb</run_address>
         <size>0x34c</size>
         <input_file_ref idref="fl-2"/>
      </object_component>
      <object_component id="oc-79">
         <name>.debug_str</name>
         <load_address>0x707</load_address>
         <run_address>0x707</run_address>
         <size>0x155</size>
         <input_file_ref idref="fl-2"/>
      </object_component>
      <object_component id="oc-48">
         <name>.debug_str</name>
         <load_address>0x85c</load_address>
         <run_address>0x85c</run_address>
         <size>0x10a</size>
         <input_file_ref idref="fl-be"/>
      </object_component>
      <object_component id="oc-8c">
         <name>.debug_str</name>
         <load_address>0x966</load_address>
         <run_address>0x966</run_address>
         <size>0x13d</size>
         <input_file_ref idref="fl-be"/>
      </object_component>
      <object_component id="oc-38">
         <name>.debug_str</name>
         <load_address>0xaa3</load_address>
         <run_address>0xaa3</run_address>
         <size>0x117</size>
         <input_file_ref idref="fl-bf"/>
      </object_component>
      <object_component id="oc-ba">
         <name>.debug_str</name>
         <load_address>0xbba</load_address>
         <run_address>0xbba</run_address>
         <size>0x168</size>
         <input_file_ref idref="fl-bf"/>
      </object_component>
      <object_component id="oc-85">
         <name>.debug_str</name>
         <load_address>0xd22</load_address>
         <run_address>0xd22</run_address>
         <size>0x155</size>
         <input_file_ref idref="fl-bf"/>
      </object_component>
      <object_component id="oc-13a">
         <name>.debug_str</name>
         <load_address>0xe77</load_address>
         <run_address>0xe77</run_address>
         <size>0xec</size>
         <input_file_ref idref="fl-c3"/>
      </object_component>
      <object_component id="oc-14e">
         <name>.debug_str</name>
         <load_address>0xf63</load_address>
         <run_address>0xf63</run_address>
         <size>0x154</size>
         <input_file_ref idref="fl-c3"/>
      </object_component>
      <object_component id="oc-13f">
         <name>.debug_str</name>
         <load_address>0x10b7</load_address>
         <run_address>0x10b7</run_address>
         <size>0x14d</size>
         <input_file_ref idref="fl-c3"/>
      </object_component>
      <object_component id="oc-144">
         <name>.debug_str</name>
         <load_address>0x1204</load_address>
         <run_address>0x1204</run_address>
         <size>0x194</size>
         <input_file_ref idref="fl-c3"/>
      </object_component>
      <object_component id="oc-2d">
         <name>.debug_aranges</name>
         <load_address>0x0</load_address>
         <run_address>0x0</run_address>
         <size>0x38</size>
         <input_file_ref idref="fl-2"/>
      </object_component>
      <object_component id="oc-27">
         <name>.debug_aranges</name>
         <load_address>0x38</load_address>
         <run_address>0x38</run_address>
         <size>0x410</size>
         <input_file_ref idref="fl-3"/>
      </object_component>
      <object_component id="oc-1a">
         <name>.debug_aranges</name>
         <load_address>0x448</load_address>
         <run_address>0x448</run_address>
         <size>0x20</size>
         <input_file_ref idref="fl-be"/>
      </object_component>
      <object_component id="oc-17">
         <name>.debug_aranges</name>
         <load_address>0x468</load_address>
         <run_address>0x468</run_address>
         <size>0x20</size>
         <input_file_ref idref="fl-bf"/>
      </object_component>
      <object_component id="oc-5f">
         <name>.debug_aranges</name>
         <load_address>0x488</load_address>
         <run_address>0x488</run_address>
         <size>0x20</size>
         <input_file_ref idref="fl-c0"/>
      </object_component>
      <object_component id="oc-40">
         <name>.debug_aranges</name>
         <load_address>0x4a8</load_address>
         <run_address>0x4a8</run_address>
         <size>0x20</size>
         <input_file_ref idref="fl-c1"/>
      </object_component>
      <object_component id="oc-d5">
         <name>.debug_aranges</name>
         <load_address>0x4c8</load_address>
         <run_address>0x4c8</run_address>
         <size>0x20</size>
         <input_file_ref idref="fl-c3"/>
      </object_component>
      <object_component id="oc-a0">
         <name>.debug_aranges</name>
         <load_address>0x4e8</load_address>
         <run_address>0x4e8</run_address>
         <size>0x20</size>
         <input_file_ref idref="fl-c4"/>
      </object_component>
      <object_component id="oc-c7">
         <name>.debug_aranges</name>
         <load_address>0x508</load_address>
         <run_address>0x508</run_address>
         <size>0x20</size>
         <input_file_ref idref="fl-c6"/>
      </object_component>
      <object_component id="oc-73">
         <name>.debug_pubnames</name>
         <load_address>0x0</load_address>
         <run_address>0x0</run_address>
         <size>0x23</size>
         <input_file_ref idref="fl-2"/>
      </object_component>
      <object_component id="oc-2c">
         <name>.debug_pubnames</name>
         <load_address>0x23</load_address>
         <run_address>0x23</run_address>
         <size>0x55</size>
         <input_file_ref idref="fl-2"/>
      </object_component>
      <object_component id="oc-11">
         <name>.debug_pubnames</name>
         <load_address>0x78</load_address>
         <run_address>0x78</run_address>
         <size>0x23</size>
         <input_file_ref idref="fl-3"/>
      </object_component>
      <object_component id="oc-28">
         <name>.debug_pubnames</name>
         <load_address>0x9b</load_address>
         <run_address>0x9b</run_address>
         <size>0xa55</size>
         <input_file_ref idref="fl-3"/>
      </object_component>
      <object_component id="oc-1c">
         <name>.debug_pubnames</name>
         <load_address>0xaf0</load_address>
         <run_address>0xaf0</run_address>
         <size>0x2b</size>
         <input_file_ref idref="fl-be"/>
      </object_component>
      <object_component id="oc-16">
         <name>.debug_pubnames</name>
         <load_address>0xb1b</load_address>
         <run_address>0xb1b</run_address>
         <size>0x2b</size>
         <input_file_ref idref="fl-bf"/>
      </object_component>
      <object_component id="oc-23">
         <name>.debug_pubnames</name>
         <load_address>0xb46</load_address>
         <run_address>0xb46</run_address>
         <size>0x1e</size>
         <input_file_ref idref="fl-c0"/>
      </object_component>
      <object_component id="oc-60">
         <name>.debug_pubnames</name>
         <load_address>0xb64</load_address>
         <run_address>0xb64</run_address>
         <size>0x26</size>
         <input_file_ref idref="fl-c0"/>
      </object_component>
      <object_component id="oc-41">
         <name>.debug_pubnames</name>
         <load_address>0xb8a</load_address>
         <run_address>0xb8a</run_address>
         <size>0x1d</size>
         <input_file_ref idref="fl-c1"/>
      </object_component>
      <object_component id="oc-d4">
         <name>.debug_pubnames</name>
         <load_address>0xba7</load_address>
         <run_address>0xba7</run_address>
         <size>0x35</size>
         <input_file_ref idref="fl-c3"/>
      </object_component>
      <object_component id="oc-9f">
         <name>.debug_pubnames</name>
         <load_address>0xbdc</load_address>
         <run_address>0xbdc</run_address>
         <size>0x27</size>
         <input_file_ref idref="fl-c4"/>
      </object_component>
      <object_component id="oc-c9">
         <name>.debug_pubnames</name>
         <load_address>0xc03</load_address>
         <run_address>0xc03</run_address>
         <size>0x1c</size>
         <input_file_ref idref="fl-c6"/>
      </object_component>
      <object_component id="oc-7d">
         <name>.debug_pubtypes</name>
         <load_address>0x0</load_address>
         <run_address>0x0</run_address>
         <size>0x25c</size>
         <input_file_ref idref="fl-2"/>
      </object_component>
      <object_component id="oc-3a">
         <name>.debug_pubtypes</name>
         <load_address>0x25c</load_address>
         <run_address>0x25c</run_address>
         <size>0xed</size>
         <input_file_ref idref="fl-2"/>
      </object_component>
      <object_component id="oc-b2">
         <name>.debug_pubtypes</name>
         <load_address>0x349</load_address>
         <run_address>0x349</run_address>
         <size>0x325</size>
         <input_file_ref idref="fl-2"/>
      </object_component>
      <object_component id="oc-76">
         <name>.debug_pubtypes</name>
         <load_address>0x66e</load_address>
         <run_address>0x66e</run_address>
         <size>0xaa</size>
         <input_file_ref idref="fl-2"/>
      </object_component>
      <object_component id="oc-45">
         <name>.debug_pubtypes</name>
         <load_address>0x718</load_address>
         <run_address>0x718</run_address>
         <size>0x48</size>
         <input_file_ref idref="fl-be"/>
      </object_component>
      <object_component id="oc-89">
         <name>.debug_pubtypes</name>
         <load_address>0x760</load_address>
         <run_address>0x760</run_address>
         <size>0x1d</size>
         <input_file_ref idref="fl-be"/>
      </object_component>
      <object_component id="oc-35">
         <name>.debug_pubtypes</name>
         <load_address>0x77d</load_address>
         <run_address>0x77d</run_address>
         <size>0x5d</size>
         <input_file_ref idref="fl-bf"/>
      </object_component>
      <object_component id="oc-b7">
         <name>.debug_pubtypes</name>
         <load_address>0x7da</load_address>
         <run_address>0x7da</run_address>
         <size>0x48</size>
         <input_file_ref idref="fl-bf"/>
      </object_component>
      <object_component id="oc-82">
         <name>.debug_pubtypes</name>
         <load_address>0x822</load_address>
         <run_address>0x822</run_address>
         <size>0x35</size>
         <input_file_ref idref="fl-bf"/>
      </object_component>
      <object_component id="oc-137">
         <name>.debug_pubtypes</name>
         <load_address>0x857</load_address>
         <run_address>0x857</run_address>
         <size>0x32</size>
         <input_file_ref idref="fl-c3"/>
      </object_component>
      <object_component id="oc-14b">
         <name>.debug_pubtypes</name>
         <load_address>0x889</load_address>
         <run_address>0x889</run_address>
         <size>0x30</size>
         <input_file_ref idref="fl-c3"/>
      </object_component>
      <object_component id="oc-13c">
         <name>.debug_pubtypes</name>
         <load_address>0x8b9</load_address>
         <run_address>0x8b9</run_address>
         <size>0x2c</size>
         <input_file_ref idref="fl-c3"/>
      </object_component>
      <object_component id="oc-141">
         <name>.debug_pubtypes</name>
         <load_address>0x8e5</load_address>
         <run_address>0x8e5</run_address>
         <size>0x50</size>
         <input_file_ref idref="fl-c3"/>
      </object_component>
   </object_component_list>
   <logical_group_list>
      <logical_group id="lg-3" display="no" color="cyan">
         <name>.intvecs</name>
         <load_address>0x0</load_address>
         <run_address>0x0</run_address>
         <size>0x26c</size>
         <contents>
            <object_component_ref idref="oc-f"/>
         </contents>
      </logical_group>
      <logical_group id="lg-4" display="no" color="cyan">
         <name>.text</name>
         <load_address>0x26c</load_address>
         <run_address>0x26c</run_address>
         <size>0x472</size>
         <contents>
            <object_component_ref idref="oc-2a"/>
            <object_component_ref idref="oc-24"/>
            <object_component_ref idref="oc-3e"/>
            <object_component_ref idref="oc-12"/>
            <object_component_ref idref="oc-d2"/>
            <object_component_ref idref="oc-5c"/>
            <object_component_ref idref="oc-18"/>
            <object_component_ref idref="oc-9c"/>
            <object_component_ref idref="oc-c6"/>
         </contents>
      </logical_group>
      <logical_group id="lg-5" display="no" color="cyan">
         <name>.const</name>
         <run_address>0x0</run_address>
         <size>0x0</size>
         <contents>
         </contents>
      </logical_group>
      <logical_group id="lg-6" display="no" color="cyan">
         <name>.cinit</name>
         <load_address>0x6e0</load_address>
         <run_address>0x6e0</run_address>
         <size>0x18</size>
         <contents>
            <object_component_ref idref="oc-17d"/>
            <object_component_ref idref="oc-17f"/>
            <object_component_ref idref="oc-17e"/>
         </contents>
      </logical_group>
      <logical_group id="lg-7" display="no" color="cyan">
         <name>.pinit</name>
         <run_address>0x0</run_address>
         <size>0x0</size>
         <contents>
         </contents>
      </logical_group>
      <logical_group id="lg-8" display="no" color="cyan">
         <name>.init_array</name>
         <run_address>0x0</run_address>
         <size>0x0</size>
         <contents>
         </contents>
      </logical_group>
      <logical_group id="lg-9" display="no" color="cyan">
         <name>.vtable</name>
         <run_address>0x0</run_address>
         <size>0x0</size>
         <contents>
         </contents>
      </logical_group>
      <logical_group id="lg-a" display="no" color="cyan">
         <name>.data</name>
         <run_address>0x20000200</run_address>
         <size>0x4</size>
         <contents>
            <object_component_ref idref="oc-71"/>
         </contents>
      </logical_group>
      <logical_group id="lg-b" display="no" color="cyan">
         <name>.bss</name>
         <run_address>0x0</run_address>
         <size>0x0</size>
         <contents>
         </contents>
      </logical_group>
      <logical_group id="lg-c" display="no" color="cyan">
         <name>.sysmem</name>
         <run_address>0x0</run_address>
         <size>0x0</size>
         <contents>
         </contents>
      </logical_group>
      <logical_group id="lg-d" display="no" color="cyan">
         <name>.stack</name>
         <run_address>0x20000000</run_address>
         <size>0x200</size>
         <contents>
            <object_component_ref idref="oc-21"/>
            <object_component_ref idref="oc-180"/>
         </contents>
      </logical_group>
      <logical_group id="lg-156" display="no" color="cyan">
         <name>.TI.noinit</name>
         <run_address>0x0</run_address>
         <size>0x0</size>
         <contents>
         </contents>
      </logical_group>
      <logical_group id="lg-157" display="no" color="cyan">
         <name>.TI.persistent</name>
         <run_address>0x0</run_address>
         <size>0x0</size>
         <contents>
         </contents>
      </logical_group>
      <logical_group id="lg-165" display="never" color="cyan">
         <name>.debug_info</name>
         <load_address>0x0</load_address>
         <run_address>0x0</run_address>
         <size>0x6340</size>
         <contents>
            <object_component_ref idref="oc-b0"/>
            <object_component_ref idref="oc-72"/>
            <object_component_ref idref="oc-2b"/>
            <object_component_ref idref="oc-7c"/>
            <object_component_ref idref="oc-39"/>
            <object_component_ref idref="oc-b1"/>
            <object_component_ref idref="oc-75"/>
            <object_component_ref idref="oc-32"/>
            <object_component_ref idref="oc-10"/>
            <object_component_ref idref="oc-26"/>
            <object_component_ref idref="oc-49"/>
            <object_component_ref idref="oc-1b"/>
            <object_component_ref idref="oc-44"/>
            <object_component_ref idref="oc-88"/>
            <object_component_ref idref="oc-86"/>
            <object_component_ref idref="oc-15"/>
            <object_component_ref idref="oc-34"/>
            <object_component_ref idref="oc-b6"/>
            <object_component_ref idref="oc-81"/>
            <object_component_ref idref="oc-22"/>
            <object_component_ref idref="oc-5e"/>
            <object_component_ref idref="oc-3f"/>
            <object_component_ref idref="oc-111"/>
            <object_component_ref idref="oc-d3"/>
            <object_component_ref idref="oc-136"/>
            <object_component_ref idref="oc-14a"/>
            <object_component_ref idref="oc-13b"/>
            <object_component_ref idref="oc-140"/>
            <object_component_ref idref="oc-9e"/>
            <object_component_ref idref="oc-c8"/>
            <object_component_ref idref="oc-181"/>
         </contents>
      </logical_group>
      <logical_group id="lg-167" display="never" color="cyan">
         <name>.debug_line</name>
         <load_address>0x0</load_address>
         <run_address>0x0</run_address>
         <size>0x173d</size>
         <contents>
            <object_component_ref idref="oc-105"/>
            <object_component_ref idref="oc-af"/>
            <object_component_ref idref="oc-2f"/>
            <object_component_ref idref="oc-7f"/>
            <object_component_ref idref="oc-3c"/>
            <object_component_ref idref="oc-b4"/>
            <object_component_ref idref="oc-78"/>
            <object_component_ref idref="oc-7b"/>
            <object_component_ref idref="oc-31"/>
            <object_component_ref idref="oc-25"/>
            <object_component_ref idref="oc-8e"/>
            <object_component_ref idref="oc-19"/>
            <object_component_ref idref="oc-47"/>
            <object_component_ref idref="oc-8b"/>
            <object_component_ref idref="oc-bc"/>
            <object_component_ref idref="oc-14"/>
            <object_component_ref idref="oc-37"/>
            <object_component_ref idref="oc-b9"/>
            <object_component_ref idref="oc-84"/>
            <object_component_ref idref="oc-6f"/>
            <object_component_ref idref="oc-61"/>
            <object_component_ref idref="oc-42"/>
            <object_component_ref idref="oc-135"/>
            <object_component_ref idref="oc-d7"/>
            <object_component_ref idref="oc-139"/>
            <object_component_ref idref="oc-14d"/>
            <object_component_ref idref="oc-13e"/>
            <object_component_ref idref="oc-143"/>
            <object_component_ref idref="oc-9d"/>
            <object_component_ref idref="oc-cb"/>
         </contents>
      </logical_group>
      <logical_group id="lg-169" display="never" color="cyan">
         <name>.debug_frame</name>
         <load_address>0x0</load_address>
         <run_address>0x0</run_address>
         <size>0xcd4</size>
         <contents>
            <object_component_ref idref="oc-2e"/>
            <object_component_ref idref="oc-29"/>
            <object_component_ref idref="oc-1d"/>
            <object_component_ref idref="oc-13"/>
            <object_component_ref idref="oc-5d"/>
            <object_component_ref idref="oc-d6"/>
            <object_component_ref idref="oc-a1"/>
            <object_component_ref idref="oc-ca"/>
         </contents>
      </logical_group>
      <logical_group id="lg-16b" display="never" color="cyan">
         <name>.debug_abbrev</name>
         <load_address>0x0</load_address>
         <run_address>0x0</run_address>
         <size>0x8c1</size>
         <contents>
            <object_component_ref idref="oc-104"/>
            <object_component_ref idref="oc-ae"/>
            <object_component_ref idref="oc-74"/>
            <object_component_ref idref="oc-7e"/>
            <object_component_ref idref="oc-3b"/>
            <object_component_ref idref="oc-b3"/>
            <object_component_ref idref="oc-77"/>
            <object_component_ref idref="oc-7a"/>
            <object_component_ref idref="oc-30"/>
            <object_component_ref idref="oc-70"/>
            <object_component_ref idref="oc-8d"/>
            <object_component_ref idref="oc-43"/>
            <object_component_ref idref="oc-46"/>
            <object_component_ref idref="oc-8a"/>
            <object_component_ref idref="oc-bb"/>
            <object_component_ref idref="oc-33"/>
            <object_component_ref idref="oc-36"/>
            <object_component_ref idref="oc-b8"/>
            <object_component_ref idref="oc-83"/>
            <object_component_ref idref="oc-6e"/>
            <object_component_ref idref="oc-a5"/>
            <object_component_ref idref="oc-87"/>
            <object_component_ref idref="oc-134"/>
            <object_component_ref idref="oc-110"/>
            <object_component_ref idref="oc-138"/>
            <object_component_ref idref="oc-14c"/>
            <object_component_ref idref="oc-13d"/>
            <object_component_ref idref="oc-142"/>
            <object_component_ref idref="oc-c5"/>
            <object_component_ref idref="oc-106"/>
            <object_component_ref idref="oc-182"/>
         </contents>
      </logical_group>
      <logical_group id="lg-16d" display="never" color="cyan">
         <name>.debug_str</name>
         <load_address>0x0</load_address>
         <run_address>0x0</run_address>
         <size>0x1398</size>
         <contents>
            <object_component_ref idref="oc-80"/>
            <object_component_ref idref="oc-3d"/>
            <object_component_ref idref="oc-b5"/>
            <object_component_ref idref="oc-79"/>
            <object_component_ref idref="oc-48"/>
            <object_component_ref idref="oc-8c"/>
            <object_component_ref idref="oc-38"/>
            <object_component_ref idref="oc-ba"/>
            <object_component_ref idref="oc-85"/>
            <object_component_ref idref="oc-13a"/>
            <object_component_ref idref="oc-14e"/>
            <object_component_ref idref="oc-13f"/>
            <object_component_ref idref="oc-144"/>
         </contents>
      </logical_group>
      <logical_group id="lg-16f" display="never" color="cyan">
         <name>.debug_aranges</name>
         <load_address>0x0</load_address>
         <run_address>0x0</run_address>
         <size>0x528</size>
         <contents>
            <object_component_ref idref="oc-2d"/>
            <object_component_ref idref="oc-27"/>
            <object_component_ref idref="oc-1a"/>
            <object_component_ref idref="oc-17"/>
            <object_component_ref idref="oc-5f"/>
            <object_component_ref idref="oc-40"/>
            <object_component_ref idref="oc-d5"/>
            <object_component_ref idref="oc-a0"/>
            <object_component_ref idref="oc-c7"/>
         </contents>
      </logical_group>
      <logical_group id="lg-171" display="never" color="cyan">
         <name>.debug_pubnames</name>
         <load_address>0x0</load_address>
         <run_address>0x0</run_address>
         <size>0xc1f</size>
         <contents>
            <object_component_ref idref="oc-73"/>
            <object_component_ref idref="oc-2c"/>
            <object_component_ref idref="oc-11"/>
            <object_component_ref idref="oc-28"/>
            <object_component_ref idref="oc-1c"/>
            <object_component_ref idref="oc-16"/>
            <object_component_ref idref="oc-23"/>
            <object_component_ref idref="oc-60"/>
            <object_component_ref idref="oc-41"/>
            <object_component_ref idref="oc-d4"/>
            <object_component_ref idref="oc-9f"/>
            <object_component_ref idref="oc-c9"/>
         </contents>
      </logical_group>
      <logical_group id="lg-173" display="never" color="cyan">
         <name>.debug_pubtypes</name>
         <load_address>0x0</load_address>
         <run_address>0x0</run_address>
         <size>0x935</size>
         <contents>
            <object_component_ref idref="oc-7d"/>
            <object_component_ref idref="oc-3a"/>
            <object_component_ref idref="oc-b2"/>
            <object_component_ref idref="oc-76"/>
            <object_component_ref idref="oc-45"/>
            <object_component_ref idref="oc-89"/>
            <object_component_ref idref="oc-35"/>
            <object_component_ref idref="oc-b7"/>
            <object_component_ref idref="oc-82"/>
            <object_component_ref idref="oc-137"/>
            <object_component_ref idref="oc-14b"/>
            <object_component_ref idref="oc-13c"/>
            <object_component_ref idref="oc-141"/>
         </contents>
      </logical_group>
      <load_segment id="lg-185" display="no" color="cyan">
         <name>SEGMENT_0</name>
         <load_address>0x0</load_address>
         <run_address>0x0</run_address>
         <size>0x6f8</size>
         <flags>0x5</flags>
         <contents>
            <logical_group_ref idref="lg-3"/>
            <logical_group_ref idref="lg-4"/>
            <logical_group_ref idref="lg-6"/>
         </contents>
      </load_segment>
      <load_segment id="lg-186" display="no" color="cyan">
         <name>SEGMENT_1</name>
         <run_address>0x20000000</run_address>
         <size>0x204</size>
         <flags>0x6</flags>
         <contents>
            <logical_group_ref idref="lg-d"/>
            <logical_group_ref idref="lg-a"/>
         </contents>
      </load_segment>
   </logical_group_list>
   <placement_map>
      <memory_area display="yes" color="green">
         <name>FLASH</name>
         <page_id>0x0</page_id>
         <origin>0x0</origin>
         <length>0x40000</length>
         <used_space>0x6f6</used_space>
         <unused_space>0x3f90a</unused_space>
         <attributes>RX</attributes>
         <usage_details>
            <allocated_space>
               <start_address>0x0</start_address>
               <size>0x26c</size>
               <logical_group_ref idref="lg-3"/>
            </allocated_space>
            <allocated_space>
               <start_address>0x26c</start_address>
               <size>0x472</size>
               <logical_group_ref idref="lg-4"/>
            </allocated_space>
            <available_space>
               <start_address>0x6de</start_address>
               <size>0x2</size>
            </available_space>
            <allocated_space>
               <start_address>0x6e0</start_address>
               <size>0x18</size>
               <logical_group_ref idref="lg-6"/>
            </allocated_space>
            <available_space>
               <start_address>0x6f8</start_address>
               <size>0x3f908</size>
            </available_space>
         </usage_details>
      </memory_area>
      <memory_area display="yes" color="green">
         <name>SRAM</name>
         <page_id>0x0</page_id>
         <origin>0x20000000</origin>
         <length>0x8000</length>
         <used_space>0x204</used_space>
         <unused_space>0x7dfc</unused_space>
         <attributes>RWX</attributes>
         <usage_details>
            <allocated_space>
               <start_address>0x20000000</start_address>
               <size>0x200</size>
               <logical_group_ref idref="lg-d"/>
            </allocated_space>
            <allocated_space>
               <start_address>0x20000200</start_address>
               <size>0x4</size>
               <logical_group_ref idref="lg-a"/>
            </allocated_space>
            <available_space>
               <start_address>0x20000204</start_address>
               <size>0x7dfc</size>
            </available_space>
         </usage_details>
      </memory_area>
   </placement_map>
   <cptbl_list>
      <cptbl>
         <name>__TI_cinit_table</name>
         <cprec>
            <name>.data</name>
            <load_address>0x6e8</load_address>
            <load_size>0x7</load_size>
            <run_address>0x20000200</run_address>
            <run_size>0x4</run_size>
            <compression>lzss</compression>
         </cprec>
      </cptbl>
   </cptbl_list>
   <handler_table>
      <handler_table_name>__TI_handler_table</handler_table_name>
      <handler>
         <index>0x0</index>
         <name>__TI_decompress_lzss</name>
      </handler>
      <handler>
         <index>0x1</index>
         <name>__TI_decompress_none</name>
      </handler>
   </handler_table>
   <symbol_table>
      <symbol id="sm-1">
         <name>__STACK_TOP</name>
         <value>0x20000200</value>
      </symbol>
      <symbol id="sm-2">
         <name>__TI_CINIT_Base</name>
         <value>0x6f0</value>
      </symbol>
      <symbol id="sm-3">
         <name>__TI_CINIT_Limit</name>
         <value>0x6f8</value>
      </symbol>
      <symbol id="sm-4">
         <name>__TI_Handler_Table_Base</name>
         <value>0x6e0</value>
      </symbol>
      <symbol id="sm-5">
         <name>__TI_Handler_Table_Limit</name>
         <value>0x6e8</value>
      </symbol>
      <symbol id="sm-6">
         <name>binit</name>
         <value>0xffffffff</value>
      </symbol>
      <symbol id="sm-7">
         <name>__binit__</name>
         <value>0xffffffff</value>
      </symbol>
      <symbol id="sm-8">
         <name>__STACK_SIZE</name>
         <value>0x200</value>
      </symbol>
      <symbol id="sm-9">
         <name>__STACK_END</name>
         <value>0x20000200</value>
      </symbol>
      <symbol id="sm-a">
         <name>__c_args__</name>
         <value>0xffffffff</value>
      </symbol>
      <symbol id="sm-b">
         <name>__TI_pprof_out_hndl</name>
         <value>0xffffffff</value>
      </symbol>
      <symbol id="sm-c">
         <name>__TI_prof_data_start</name>
         <value>0xffffffff</value>
      </symbol>
      <symbol id="sm-d">
         <name>__TI_prof_data_size</name>
         <value>0xffffffff</value>
      </symbol>
      <symbol id="sm-6a">
         <name>EdgeCounter_Init</name>
         <value>0x26d</value>
         <object_component_ref idref="oc-2a"/>
      </symbol>
      <symbol id="sm-6b">
         <name>PWM0A_Init</name>
         <value>0x315</value>
         <object_component_ref idref="oc-2a"/>
      </symbol>
      <symbol id="sm-6c">
         <name>main</name>
         <value>0x3b7</value>
         <object_component_ref idref="oc-2a"/>
      </symbol>
      <symbol id="sm-6d">
         <name>FallingEdges</name>
         <value>0x20000200</value>
         <object_component_ref idref="oc-71"/>
      </symbol>
      <symbol id="sm-6e">
         <name>GPIOPortF_Handler</name>
         <value>0x303</value>
         <object_component_ref idref="oc-2a"/>
      </symbol>
      <symbol id="sm-17b">
         <name>Hibernate_Handler</name>
         <value>0x4a3</value>
         <object_component_ref idref="oc-24"/>
      </symbol>
      <symbol id="sm-17c">
         <name>UART1_Handler</name>
         <value>0x459</value>
         <object_component_ref idref="oc-24"/>
      </symbol>
      <symbol id="sm-17d">
         <name>FPU_Handler</name>
         <value>0x4f1</value>
         <object_component_ref idref="oc-24"/>
      </symbol>
      <symbol id="sm-17e">
         <name>PendSV_Handler</name>
         <value>0x449</value>
         <object_component_ref idref="oc-24"/>
      </symbol>
      <symbol id="sm-17f">
         <name>GPIOPortP4_Handler</name>
         <value>0x50b</value>
         <object_component_ref idref="oc-24"/>
      </symbol>
      <symbol id="sm-180">
         <name>FlashCtl_Handler</name>
         <value>0x487</value>
         <object_component_ref idref="oc-24"/>
      </symbol>
      <symbol id="sm-181">
         <name>Timer0A_Handler</name>
         <value>0x473</value>
         <object_component_ref idref="oc-24"/>
      </symbol>
      <symbol id="sm-182">
         <name>Timer2A_Handler</name>
         <value>0x47b</value>
         <object_component_ref idref="oc-24"/>
      </symbol>
      <symbol id="sm-183">
         <name>Timer4A_Handler</name>
         <value>0x4d1</value>
         <object_component_ref idref="oc-24"/>
      </symbol>
      <symbol id="sm-184">
         <name>SysTick_Handler</name>
         <value>0x44b</value>
         <object_component_ref idref="oc-24"/>
      </symbol>
      <symbol id="sm-185">
         <name>SVC_Handler</name>
         <value>0x445</value>
         <object_component_ref idref="oc-24"/>
      </symbol>
      <symbol id="sm-186">
         <name>I2C0_Handler</name>
         <value>0x45d</value>
         <object_component_ref idref="oc-24"/>
      </symbol>
      <symbol id="sm-187">
         <name>I2S0_Handler</name>
         <value>0x4b5</value>
         <object_component_ref idref="oc-24"/>
      </symbol>
      <symbol id="sm-188">
         <name>SSI2_Handler</name>
         <value>0x4bf</value>
         <object_component_ref idref="oc-24"/>
      </symbol>
      <symbol id="sm-189">
         <name>GPIOPortJ_Handler</name>
         <value>0x4b9</value>
         <object_component_ref idref="oc-24"/>
      </symbol>
      <symbol id="sm-18a">
         <name>GPIOPortE_Handler</name>
         <value>0x455</value>
         <object_component_ref idref="oc-24"/>
      </symbol>
      <symbol id="sm-18b">
         <name>GPIOPortQ3_Handler</name>
         <value>0x519</value>
         <object_component_ref idref="oc-24"/>
      </symbol>
      <symbol id="sm-18c">
         <name>ADC0Seq0_Handler</name>
         <value>0x469</value>
         <object_component_ref idref="oc-24"/>
      </symbol>
      <symbol id="sm-18d">
         <name>uDMA_Error</name>
         <value>0x4ab</value>
         <object_component_ref idref="oc-24"/>
      </symbol>
      <symbol id="sm-18e">
         <name>UART3_Handler</name>
         <value>0x4c3</value>
         <object_component_ref idref="oc-24"/>
      </symbol>
      <symbol id="sm-18f">
         <name>CAN0_Handler</name>
         <value>0x49b</value>
         <object_component_ref idref="oc-24"/>
      </symbol>
      <symbol id="sm-190">
         <name>GPIOPortP6_Handler</name>
         <value>0x50f</value>
         <object_component_ref idref="oc-24"/>
      </symbol>
      <symbol id="sm-191">
         <name>Quadrature1_Handler</name>
         <value>0x499</value>
         <object_component_ref idref="oc-24"/>
      </symbol>
      <symbol id="sm-192">
         <name>PWM0Fault_Handler</name>
         <value>0x45f</value>
         <object_component_ref idref="oc-24"/>
      </symbol>
      <symbol id="sm-193">
         <name>ExtBus_Handler</name>
         <value>0x4b7</value>
         <object_component_ref idref="oc-24"/>
      </symbol>
      <symbol id="sm-194">
         <name>GPIOPortP1_Handler</name>
         <value>0x505</value>
         <object_component_ref idref="oc-24"/>
      </symbol>
      <symbol id="sm-195">
         <name>PWM0Generator3_Handler</name>
         <value>0x4a7</value>
         <object_component_ref idref="oc-24"/>
      </symbol>
      <symbol id="sm-196">
         <name>I2C2_Handler</name>
         <value>0x4cd</value>
         <object_component_ref idref="oc-24"/>
      </symbol>
      <symbol id="sm-197">
         <name>Timer1A_Handler</name>
         <value>0x477</value>
         <object_component_ref idref="oc-24"/>
      </symbol>
      <symbol id="sm-198">
         <name>Timer3A_Handler</name>
         <value>0x493</value>
         <object_component_ref idref="oc-24"/>
      </symbol>
      <symbol id="sm-199">
         <name>Timer5A_Handler</name>
         <value>0x4d5</value>
         <object_component_ref idref="oc-24"/>
      </symbol>
      <symbol id="sm-19a">
         <name>GPIOPortL_Handler</name>
         <value>0x4bd</value>
         <object_component_ref idref="oc-24"/>
      </symbol>
      <symbol id="sm-19b">
         <name>WDT_Handler</name>
         <value>0x471</value>
         <object_component_ref idref="oc-24"/>
      </symbol>
      <symbol id="sm-19c">
         <name>WideTimer3A_Handler</name>
         <value>0x4e5</value>
         <object_component_ref idref="oc-24"/>
      </symbol>
      <symbol id="sm-19d">
         <name>WideTimer1A_Handler</name>
         <value>0x4dd</value>
         <object_component_ref idref="oc-24"/>
      </symbol>
      <symbol id="sm-19e">
         <name>WideTimer5A_Handler</name>
         <value>0x4ed</value>
         <object_component_ref idref="oc-24"/>
      </symbol>
      <symbol id="sm-19f">
         <name>GPIOPortG_Handler</name>
         <value>0x48b</value>
         <object_component_ref idref="oc-24"/>
      </symbol>
      <symbol id="sm-1a0">
         <name>GPIOPortQ5_Handler</name>
         <value>0x51d</value>
         <object_component_ref idref="oc-24"/>
      </symbol>
      <symbol id="sm-1a1">
         <name>UART5_Handler</name>
         <value>0x4c7</value>
         <object_component_ref idref="oc-24"/>
      </symbol>
      <symbol id="sm-1a2">
         <name>CAN2_Handler</name>
         <value>0x49f</value>
         <object_component_ref idref="oc-24"/>
      </symbol>
      <symbol id="sm-1a3">
         <name>StartCritical</name>
         <value>0x539</value>
         <object_component_ref idref="oc-24"/>
      </symbol>
      <symbol id="sm-1a4">
         <name>GPIOPortP3_Handler</name>
         <value>0x509</value>
         <object_component_ref idref="oc-24"/>
      </symbol>
      <symbol id="sm-1a5">
         <name>GPIOPortP_Handler</name>
         <value>0x503</value>
         <object_component_ref idref="oc-24"/>
      </symbol>
      <symbol id="sm-1a6">
         <name>Comp1_Handler</name>
         <value>0x481</value>
         <object_component_ref idref="oc-24"/>
      </symbol>
      <symbol id="sm-1a7">
         <name>Timer0B_Handler</name>
         <value>0x475</value>
         <object_component_ref idref="oc-24"/>
      </symbol>
      <symbol id="sm-1a8">
         <name>Timer2B_Handler</name>
         <value>0x47d</value>
         <object_component_ref idref="oc-24"/>
      </symbol>
      <symbol id="sm-1a9">
         <name>Timer4B_Handler</name>
         <value>0x4d3</value>
         <object_component_ref idref="oc-24"/>
      </symbol>
      <symbol id="sm-1aa">
         <name>PWM0Generator1_Handler</name>
         <value>0x463</value>
         <object_component_ref idref="oc-24"/>
      </symbol>
      <symbol id="sm-1ab">
         <name>ResetISR</name>
         <value>0x439</value>
         <object_component_ref idref="oc-24"/>
      </symbol>
      <symbol id="sm-1ac">
         <name>PECI0_Handler</name>
         <value>0x4f3</value>
         <object_component_ref idref="oc-24"/>
      </symbol>
      <symbol id="sm-1ad">
         <name>LPC0_Handler</name>
         <value>0x4f5</value>
         <object_component_ref idref="oc-24"/>
      </symbol>
      <symbol id="sm-1ae">
         <name>PWM1Generator2_Handler</name>
         <value>0x52b</value>
         <object_component_ref idref="oc-24"/>
      </symbol>
      <symbol id="sm-1af">
         <name>I2C5_Handler</name>
         <value>0x4f9</value>
         <object_component_ref idref="oc-24"/>
      </symbol>
      <symbol id="sm-1b0">
         <name>GPIOPortN_Handler</name>
         <value>0x4fd</value>
         <object_component_ref idref="oc-24"/>
      </symbol>
      <symbol id="sm-1b1">
         <name>ADC1Seq2_Handler</name>
         <value>0x4b1</value>
         <object_component_ref idref="oc-24"/>
      </symbol>
      <symbol id="sm-1b2">
         <name>GPIOPortQ7_Handler</name>
         <value>0x521</value>
         <object_component_ref idref="oc-24"/>
      </symbol>
      <symbol id="sm-1b3">
         <name>UART7_Handler</name>
         <value>0x4cb</value>
         <object_component_ref idref="oc-24"/>
      </symbol>
      <symbol id="sm-1b4">
         <name>ADC0Seq3_Handler</name>
         <value>0x46f</value>
         <object_component_ref idref="oc-24"/>
      </symbol>
      <symbol id="sm-1b5">
         <name>WideTimer2A_Handler</name>
         <value>0x4e1</value>
         <object_component_ref idref="oc-24"/>
      </symbol>
      <symbol id="sm-1b6">
         <name>WideTimer0A_Handler</name>
         <value>0x4d9</value>
         <object_component_ref idref="oc-24"/>
      </symbol>
      <symbol id="sm-1b7">
         <name>WideTimer4A_Handler</name>
         <value>0x4e9</value>
         <object_component_ref idref="oc-24"/>
      </symbol>
      <symbol id="sm-1b8">
         <name>GPIOPortP5_Handler</name>
         <value>0x50d</value>
         <object_component_ref idref="oc-24"/>
      </symbol>
      <symbol id="sm-1b9">
         <name>GPIOPortR_Handler</name>
         <value>0x523</value>
         <object_component_ref idref="oc-24"/>
      </symbol>
      <symbol id="sm-1ba">
         <name>USB0_Handler</name>
         <value>0x4a5</value>
         <object_component_ref idref="oc-24"/>
      </symbol>
      <symbol id="sm-1bb">
         <name>PWM1Generator0_Handler</name>
         <value>0x527</value>
         <object_component_ref idref="oc-24"/>
      </symbol>
      <symbol id="sm-1bc">
         <name>EndCritical</name>
         <value>0x541</value>
         <object_component_ref idref="oc-24"/>
      </symbol>
      <symbol id="sm-1bd">
         <name>SSI1_Handler</name>
         <value>0x491</value>
         <object_component_ref idref="oc-24"/>
      </symbol>
      <symbol id="sm-1be">
         <name>Timer1B_Handler</name>
         <value>0x479</value>
         <object_component_ref idref="oc-24"/>
      </symbol>
      <symbol id="sm-1bf">
         <name>Timer3B_Handler</name>
         <value>0x495</value>
         <object_component_ref idref="oc-24"/>
      </symbol>
      <symbol id="sm-1c0">
         <name>Timer5B_Handler</name>
         <value>0x4d7</value>
         <object_component_ref idref="oc-24"/>
      </symbol>
      <symbol id="sm-1c1">
         <name>ADC1Seq0_Handler</name>
         <value>0x4ad</value>
         <object_component_ref idref="oc-24"/>
      </symbol>
      <symbol id="sm-1c2">
         <name>GPIOPortK_Handler</name>
         <value>0x4bb</value>
         <object_component_ref idref="oc-24"/>
      </symbol>
      <symbol id="sm-1c3">
         <name>WideTimer3B_Handler</name>
         <value>0x4e7</value>
         <object_component_ref idref="oc-24"/>
      </symbol>
      <symbol id="sm-1c4">
         <name>WideTimer1B_Handler</name>
         <value>0x4df</value>
         <object_component_ref idref="oc-24"/>
      </symbol>
      <symbol id="sm-1c5">
         <name>WideTimer5B_Handler</name>
         <value>0x4ef</value>
         <object_component_ref idref="oc-24"/>
      </symbol>
      <symbol id="sm-1c6">
         <name>SysCtl_Handler</name>
         <value>0x485</value>
         <object_component_ref idref="oc-24"/>
      </symbol>
      <symbol id="sm-1c7">
         <name>GPIOPortB_Handler</name>
         <value>0x44f</value>
         <object_component_ref idref="oc-24"/>
      </symbol>
      <symbol id="sm-1c8">
         <name>uDMA_Handler</name>
         <value>0x4a9</value>
         <object_component_ref idref="oc-24"/>
      </symbol>
      <symbol id="sm-1c9">
         <name>ADC0Seq1_Handler</name>
         <value>0x46b</value>
         <object_component_ref idref="oc-24"/>
      </symbol>
      <symbol id="sm-1ca">
         <name>UART0_Handler</name>
         <value>0x457</value>
         <object_component_ref idref="oc-24"/>
      </symbol>
      <symbol id="sm-1cb">
         <name>GPIOPortP7_Handler</name>
         <value>0x511</value>
         <object_component_ref idref="oc-24"/>
      </symbol>
      <symbol id="sm-1cc">
         <name>PWM1Fault_Handler</name>
         <value>0x52f</value>
         <object_component_ref idref="oc-24"/>
      </symbol>
      <symbol id="sm-1cd">
         <name>I2C1_Handler</name>
         <value>0x497</value>
         <object_component_ref idref="oc-24"/>
      </symbol>
      <symbol id="sm-1ce">
         <name>SSI3_Handler</name>
         <value>0x4c1</value>
         <object_component_ref idref="oc-24"/>
      </symbol>
      <symbol id="sm-1cf">
         <name>GPIOPortM_Handler</name>
         <value>0x4fb</value>
         <object_component_ref idref="oc-24"/>
      </symbol>
      <symbol id="sm-1d0">
         <name>g_pfnVectors</name>
         <value>0x0</value>
         <object_component_ref idref="oc-f"/>
      </symbol>
      <symbol id="sm-1d1">
         <name>GPIOPortD_Handler</name>
         <value>0x453</value>
         <object_component_ref idref="oc-24"/>
      </symbol>
      <symbol id="sm-1d2">
         <name>GPIOPortQ2_Handler</name>
         <value>0x517</value>
         <object_component_ref idref="oc-24"/>
      </symbol>
      <symbol id="sm-1d3">
         <name>UART2_Handler</name>
         <value>0x48f</value>
         <object_component_ref idref="oc-24"/>
      </symbol>
      <symbol id="sm-1d4">
         <name>CAN1_Handler</name>
         <value>0x49d</value>
         <object_component_ref idref="oc-24"/>
      </symbol>
      <symbol id="sm-1d5">
         <name>Quadrature0_Handler</name>
         <value>0x467</value>
         <object_component_ref idref="oc-24"/>
      </symbol>
      <symbol id="sm-1d6">
         <name>WideTimer2B_Handler</name>
         <value>0x4e3</value>
         <object_component_ref idref="oc-24"/>
      </symbol>
      <symbol id="sm-1d7">
         <name>WideTimer0B_Handler</name>
         <value>0x4db</value>
         <object_component_ref idref="oc-24"/>
      </symbol>
      <symbol id="sm-1d8">
         <name>WideTimer4B_Handler</name>
         <value>0x4eb</value>
         <object_component_ref idref="oc-24"/>
      </symbol>
      <symbol id="sm-1d9">
         <name>GPIOPortQ_Handler</name>
         <value>0x513</value>
         <object_component_ref idref="oc-24"/>
      </symbol>
      <symbol id="sm-1da">
         <name>DisableInterrupts</name>
         <value>0x531</value>
         <object_component_ref idref="oc-24"/>
      </symbol>
      <symbol id="sm-1db">
         <name>Comp0_Handler</name>
         <value>0x47f</value>
         <object_component_ref idref="oc-24"/>
      </symbol>
      <symbol id="sm-1dc">
         <name>PWM0Generator2_Handler</name>
         <value>0x465</value>
         <object_component_ref idref="oc-24"/>
      </symbol>
      <symbol id="sm-1dd">
         <name>I2C3_Handler</name>
         <value>0x4cf</value>
         <object_component_ref idref="oc-24"/>
      </symbol>
      <symbol id="sm-1de">
         <name>Ethernet_Handler</name>
         <value>0x4a1</value>
         <object_component_ref idref="oc-24"/>
      </symbol>
      <symbol id="sm-1df">
         <name>PWM1Generator3_Handler</name>
         <value>0x52d</value>
         <object_component_ref idref="oc-24"/>
      </symbol>
      <symbol id="sm-1e0">
         <name>I2C4_Handler</name>
         <value>0x4f7</value>
         <object_component_ref idref="oc-24"/>
      </symbol>
      <symbol id="sm-1e1">
         <name>Fan0_Handler</name>
         <value>0x501</value>
         <object_component_ref idref="oc-24"/>
      </symbol>
      <symbol id="sm-1e2">
         <name>WaitForInterrupt</name>
         <value>0x547</value>
         <object_component_ref idref="oc-24"/>
      </symbol>
      <symbol id="sm-1e3">
         <name>ADC1Seq3_Handler</name>
         <value>0x4b3</value>
         <object_component_ref idref="oc-24"/>
      </symbol>
      <symbol id="sm-1e4">
         <name>GPIOPortQ4_Handler</name>
         <value>0x51b</value>
         <object_component_ref idref="oc-24"/>
      </symbol>
      <symbol id="sm-1e5">
         <name>EnableInterrupts</name>
         <value>0x535</value>
         <object_component_ref idref="oc-24"/>
      </symbol>
      <symbol id="sm-1e6">
         <name>GPIOPortA_Handler</name>
         <value>0x44d</value>
         <object_component_ref idref="oc-24"/>
      </symbol>
      <symbol id="sm-1e7">
         <name>UART4_Handler</name>
         <value>0x4c5</value>
         <object_component_ref idref="oc-24"/>
      </symbol>
      <symbol id="sm-1e8">
         <name>Quadrature2_Handler</name>
         <value>0x4ff</value>
         <object_component_ref idref="oc-24"/>
      </symbol>
      <symbol id="sm-1e9">
         <name>GPIOPortP2_Handler</name>
         <value>0x507</value>
         <object_component_ref idref="oc-24"/>
      </symbol>
      <symbol id="sm-1ea">
         <name>GPIOPortS_Handler</name>
         <value>0x525</value>
         <object_component_ref idref="oc-24"/>
      </symbol>
      <symbol id="sm-1eb">
         <name>Comp2_Handler</name>
         <value>0x483</value>
         <object_component_ref idref="oc-24"/>
      </symbol>
      <symbol id="sm-1ec">
         <name>DebugMon_Handler</name>
         <value>0x447</value>
         <object_component_ref idref="oc-24"/>
      </symbol>
      <symbol id="sm-1ed">
         <name>PWM0Generator0_Handler</name>
         <value>0x461</value>
         <object_component_ref idref="oc-24"/>
      </symbol>
      <symbol id="sm-1ee">
         <name>PWM1Generator1_Handler</name>
         <value>0x529</value>
         <object_component_ref idref="oc-24"/>
      </symbol>
      <symbol id="sm-1ef">
         <name>SSI0_Handler</name>
         <value>0x45b</value>
         <object_component_ref idref="oc-24"/>
      </symbol>
      <symbol id="sm-1f0">
         <name>ADC1Seq1_Handler</name>
         <value>0x4af</value>
         <object_component_ref idref="oc-24"/>
      </symbol>
      <symbol id="sm-1f1">
         <name>GPIOPortH_Handler</name>
         <value>0x48d</value>
         <object_component_ref idref="oc-24"/>
      </symbol>
      <symbol id="sm-1f2">
         <name>GPIOPortQ6_Handler</name>
         <value>0x51f</value>
         <object_component_ref idref="oc-24"/>
      </symbol>
      <symbol id="sm-1f3">
         <name>GPIOPortC_Handler</name>
         <value>0x451</value>
         <object_component_ref idref="oc-24"/>
      </symbol>
      <symbol id="sm-1f4">
         <name>GPIOPortQ1_Handler</name>
         <value>0x515</value>
         <object_component_ref idref="oc-24"/>
      </symbol>
      <symbol id="sm-1f5">
         <name>UART6_Handler</name>
         <value>0x4c9</value>
         <object_component_ref idref="oc-24"/>
      </symbol>
      <symbol id="sm-1f6">
         <name>ADC0Seq2_Handler</name>
         <value>0x46d</value>
         <object_component_ref idref="oc-24"/>
      </symbol>
      <symbol id="sm-20e">
         <name>__TI_decompress_none</name>
         <value>0x6c9</value>
         <object_component_ref idref="oc-18"/>
      </symbol>
      <symbol id="sm-231">
         <name>__TI_decompress_lzss</name>
         <value>0x5e7</value>
         <object_component_ref idref="oc-12"/>
      </symbol>
      <symbol id="sm-244">
         <name>__stack</name>
         <value>0x20000000</value>
         <object_component_ref idref="oc-21"/>
      </symbol>
      <symbol id="sm-245">
         <name>_c_int00_noargs</name>
         <value>0x695</value>
         <object_component_ref idref="oc-5c"/>
      </symbol>
      <symbol id="sm-260">
         <name>memcpy</name>
         <value>0x54b</value>
         <object_component_ref idref="oc-3e"/>
      </symbol>
      <symbol id="sm-261">
         <name>__aeabi_memcpy</name>
         <value>0x54b</value>
         <object_component_ref idref="oc-3e"/>
      </symbol>
      <symbol id="sm-262">
         <name>__aeabi_memcpy8</name>
         <value>0x54b</value>
         <object_component_ref idref="oc-3e"/>
      </symbol>
      <symbol id="sm-263">
         <name>__aeabi_memcpy4</name>
         <value>0x54b</value>
         <object_component_ref idref="oc-3e"/>
      </symbol>
      <symbol id="sm-28c">
         <name>__TI_auto_init_nobinit_nopinit</name>
         <value>0x651</value>
         <object_component_ref idref="oc-d2"/>
      </symbol>
      <symbol id="sm-296">
         <name>_system_pre_init</name>
         <value>0x6d7</value>
         <object_component_ref idref="oc-9c"/>
      </symbol>
      <symbol id="sm-2a2">
         <name>C$$EXIT</name>
         <value>0x6db</value>
         <object_component_ref idref="oc-c6"/>
      </symbol>
      <symbol id="sm-2a3">
         <name>abort</name>
         <value>0x6db</value>
         <object_component_ref idref="oc-c6"/>
      </symbol>
      <symbol id="sm-2a6">
         <name>__TI_static_base__</name>
         <value>0x0</value>
      </symbol>
      <symbol id="sm-2a9">
         <name>__mpu_init</name>
         <value>0x0</value>
      </symbol>
      <symbol id="sm-2aa">
         <name>_system_post_cinit</name>
         <value>0x0</value>
      </symbol>
   </symbol_table>
   <title>Link successful</title>
</link_info>
