******************************************************************************
                  TI ARM Linker PC v18.1.4                     
******************************************************************************
>> Linked Tue Dec 31 11:20:27 2019

OUTPUT FILE NAME:   <Fuel_Injection.out>
ENTRY POINT SYMBOL: "_c_int00_noargs"  address: 00000681


MEMORY CONFIGURATION

         name            origin    length      used     unused   attr    fill
----------------------  --------  ---------  --------  --------  ----  --------
  FLASH                 00000000   00040000  000006e6  0003f91a  R  X
  SRAM                  20000000   00008000  00000204  00007dfc  RW X


SEGMENT ALLOCATION MAP

run origin  load origin   length   init length attrs members
----------  ----------- ---------- ----------- ----- -------
00000000    00000000    000006e8   000006e8    r-x
  00000000    00000000    0000026c   0000026c    r-- .intvecs
  0000026c    0000026c    00000462   00000462    r-x .text
  000006d0    000006d0    00000018   00000018    r-- .cinit
20000000    20000000    00000204   00000000    rw-
  20000000    20000000    00000200   00000000    rw- .stack
  20000200    20000200    00000004   00000000    rw- .data


SECTION ALLOCATION MAP

 output                                  attributes/
section   page    origin      length       input sections
--------  ----  ----------  ----------   ----------------
.intvecs   0    00000000    0000026c     
                  00000000    0000026c     tm4c123gh6pm_startup_ccs.obj (.intvecs)

.text      0    0000026c    00000462     
                  0000026c    000001b8     main.obj (.text)
                  00000424    00000112     tm4c123gh6pm_startup_ccs.obj (.text)
                  00000536    0000009c     rtsv7M4_T_le_v4SPD16_eabi.lib : memcpy_t2.asm.obj (.text)
                  000005d2    00000068                                   : copy_decompress_lzss.c.obj (.text:decompress:lzss:__TI_decompress_lzss)
                  0000063a    00000002     --HOLE-- [fill = 0]
                  0000063c    00000044                                   : autoinit.c.obj (.text:__TI_auto_init_nobinit_nopinit:__TI_auto_init_nobinit_nopinit)
                  00000680    00000038                                   : boot_cortex_m.c.obj (.text:_c_int00_noargs:_c_int00_noargs)
                  000006b8    0000000e                                   : copy_decompress_none.c.obj (.text:decompress:none:__TI_decompress_none)
                  000006c6    00000004                                   : pre_init.c.obj (.text:_system_pre_init)
                  000006ca    00000004                                   : exit.c.obj (.text:abort:abort)

.cinit     0    000006d0    00000018     
                  000006d0    00000008     (__TI_handler_table)
                  000006d8    00000007     (.cinit..data.load) [load image, compression = lzss]
                  000006df    00000001     --HOLE-- [fill = 0]
                  000006e0    00000008     (__TI_cinit_table)

.init_array 
*          0    00000000    00000000     UNINITIALIZED

.data      0    20000200    00000004     UNINITIALIZED
                  20000200    00000004     main.obj (.data)

.stack     0    20000000    00000200     UNINITIALIZED
                  20000000    00000004     rtsv7M4_T_le_v4SPD16_eabi.lib : boot_cortex_m.c.obj (.stack)
                  20000004    000001fc     --HOLE--

MODULE SUMMARY

       Module                         code   ro data   rw data
       ------                         ----   -------   -------
    .\
       tm4c123gh6pm_startup_ccs.obj   274    620       0      
       main.obj                       440    0         4      
    +--+------------------------------+------+---------+---------+
       Total:                         714    620       4      
                                                              
    C:\ti\ccsv8\tools\compiler\ti-cgt-arm_18.1.4.LTS\lib\rtsv7M4_T_le_v4SPD16_eabi.lib
       memcpy_t2.asm.obj              156    0         0      
       copy_decompress_lzss.c.obj     104    0         0      
       autoinit.c.obj                 68     0         0      
       boot_cortex_m.c.obj            56     0         0      
       copy_decompress_none.c.obj     14     0         0      
       exit.c.obj                     4      0         0      
       pre_init.c.obj                 4      0         0      
    +--+------------------------------+------+---------+---------+
       Total:                         406    0         0      
                                                              
       Stack:                         0      0         512    
       Linker Generated:              0      23        0      
    +--+------------------------------+------+---------+---------+
       Grand Total:                   1120   643       516    


LINKER GENERATED COPY TABLES

__TI_cinit_table @ 000006e0 records: 1, size/record: 8, table size: 8
	.data: load addr=000006d8, load size=00000007 bytes, run addr=20000200, run size=00000004 bytes, compression=lzss


LINKER GENERATED HANDLER TABLE

__TI_handler_table @ 000006d0 records: 2, size/record: 4, table size: 8
	index: 0, handler: __TI_decompress_lzss
	index: 1, handler: __TI_decompress_none


GLOBAL SYMBOLS: SORTED ALPHABETICALLY BY Name 

address   name                          
-------   ----                          
00000455  ADC0Seq0_Handler              
00000457  ADC0Seq1_Handler              
00000459  ADC0Seq2_Handler              
0000045b  ADC0Seq3_Handler              
00000499  ADC1Seq0_Handler              
0000049b  ADC1Seq1_Handler              
0000049d  ADC1Seq2_Handler              
0000049f  ADC1Seq3_Handler              
000006cb  C$$EXIT                       
00000487  CAN0_Handler                  
00000489  CAN1_Handler                  
0000048b  CAN2_Handler                  
0000046b  Comp0_Handler                 
0000046d  Comp1_Handler                 
0000046f  Comp2_Handler                 
00000433  DebugMon_Handler              
0000051d  DisableInterrupts             
00000521  EnableInterrupts              
0000052d  EndCritical                   
0000048d  Ethernet_Handler              
000004a3  ExtBus_Handler                
000004dd  FPU_Handler                   
20000200  FallingEdges                  
000004ed  Fan0_Handler                  
00000473  FlashCtl_Handler              
00000439  GPIOPortA_Handler             
0000043b  GPIOPortB_Handler             
0000043d  GPIOPortC_Handler             
0000043f  GPIOPortD_Handler             
00000441  GPIOPortE_Handler             
000002ff  GPIOPortF_Handler             
00000477  GPIOPortG_Handler             
00000479  GPIOPortH_Handler             
000004a5  GPIOPortJ_Handler             
000004a7  GPIOPortK_Handler             
000004a9  GPIOPortL_Handler             
000004e7  GPIOPortM_Handler             
000004e9  GPIOPortN_Handler             
000004f1  GPIOPortP1_Handler            
000004f3  GPIOPortP2_Handler            
000004f5  GPIOPortP3_Handler            
000004f7  GPIOPortP4_Handler            
000004f9  GPIOPortP5_Handler            
000004fb  GPIOPortP6_Handler            
000004fd  GPIOPortP7_Handler            
000004ef  GPIOPortP_Handler             
00000501  GPIOPortQ1_Handler            
00000503  GPIOPortQ2_Handler            
00000505  GPIOPortQ3_Handler            
00000507  GPIOPortQ4_Handler            
00000509  GPIOPortQ5_Handler            
0000050b  GPIOPortQ6_Handler            
0000050d  GPIOPortQ7_Handler            
000004ff  GPIOPortQ_Handler             
0000050f  GPIOPortR_Handler             
00000511  GPIOPortS_Handler             
0000033b  GPIO_Init                     
0000048f  Hibernate_Handler             
00000449  I2C0_Handler                  
00000483  I2C1_Handler                  
000004b9  I2C2_Handler                  
000004bb  I2C3_Handler                  
000004e3  I2C4_Handler                  
000004e5  I2C5_Handler                  
000004a1  I2S0_Handler                  
000004e1  LPC0_Handler                  
000004df  PECI0_Handler                 
0000044b  PWM0Fault_Handler             
0000044d  PWM0Generator0_Handler        
0000044f  PWM0Generator1_Handler        
00000451  PWM0Generator2_Handler        
00000493  PWM0Generator3_Handler        
0000051b  PWM1Fault_Handler             
00000513  PWM1Generator0_Handler        
00000515  PWM1Generator1_Handler        
00000517  PWM1Generator2_Handler        
00000519  PWM1Generator3_Handler        
00000435  PendSV_Handler                
0000026d  PortF_Interrupt_Init          
00000453  Quadrature0_Handler           
00000485  Quadrature1_Handler           
000004eb  Quadrature2_Handler           
00000425  ResetISR                      
00000447  SSI0_Handler                  
0000047d  SSI1_Handler                  
000004ab  SSI2_Handler                  
000004ad  SSI3_Handler                  
00000431  SVC_Handler                   
00000525  StartCritical                 
00000471  SysCtl_Handler                
00000437  SysTick_Handler               
0000032d  Timer0A_Handler               
00000461  Timer0B_Handler               
00000463  Timer1A_Handler               
00000465  Timer1B_Handler               
00000467  Timer2A_Handler               
00000469  Timer2B_Handler               
0000047f  Timer3A_Handler               
00000481  Timer3B_Handler               
000004bd  Timer4A_Handler               
000004bf  Timer4B_Handler               
000004c1  Timer5A_Handler               
000004c3  Timer5B_Handler               
0000035b  Timer_Init                    
00000443  UART0_Handler                 
00000445  UART1_Handler                 
0000047b  UART2_Handler                 
000004af  UART3_Handler                 
000004b1  UART4_Handler                 
000004b3  UART5_Handler                 
000004b5  UART6_Handler                 
000004b7  UART7_Handler                 
00000491  USB0_Handler                  
0000045d  WDT_Handler                   
00000533  WaitForInterrupt              
000004c5  WideTimer0A_Handler           
000004c7  WideTimer0B_Handler           
000004c9  WideTimer1A_Handler           
000004cb  WideTimer1B_Handler           
000004cd  WideTimer2A_Handler           
000004cf  WideTimer2B_Handler           
000004d1  WideTimer3A_Handler           
000004d3  WideTimer3B_Handler           
000004d5  WideTimer4A_Handler           
000004d7  WideTimer4B_Handler           
000004d9  WideTimer5A_Handler           
000004db  WideTimer5B_Handler           
20000200  __STACK_END                   
00000200  __STACK_SIZE                  
20000200  __STACK_TOP                   
000006e0  __TI_CINIT_Base               
000006e8  __TI_CINIT_Limit              
000006d0  __TI_Handler_Table_Base       
000006d8  __TI_Handler_Table_Limit      
0000063d  __TI_auto_init_nobinit_nopinit
000005d3  __TI_decompress_lzss          
000006b9  __TI_decompress_none          
ffffffff  __TI_pprof_out_hndl           
ffffffff  __TI_prof_data_size           
ffffffff  __TI_prof_data_start          
00000000  __TI_static_base__            
00000537  __aeabi_memcpy                
00000537  __aeabi_memcpy4               
00000537  __aeabi_memcpy8               
ffffffff  __binit__                     
ffffffff  __c_args__                    
UNDEFED   __mpu_init                    
20000000  __stack                       
00000681  _c_int00_noargs               
UNDEFED   _system_post_cinit            
000006c7  _system_pre_init              
000006cb  abort                         
ffffffff  binit                         
00000000  g_pfnVectors                  
000003a9  main                          
00000537  memcpy                        
00000497  uDMA_Error                    
00000495  uDMA_Handler                  


GLOBAL SYMBOLS: SORTED BY Symbol Address 

address   name                          
-------   ----                          
00000000  __TI_static_base__            
00000000  g_pfnVectors                  
00000200  __STACK_SIZE                  
0000026d  PortF_Interrupt_Init          
000002ff  GPIOPortF_Handler             
0000032d  Timer0A_Handler               
0000033b  GPIO_Init                     
0000035b  Timer_Init                    
000003a9  main                          
00000425  ResetISR                      
00000431  SVC_Handler                   
00000433  DebugMon_Handler              
00000435  PendSV_Handler                
00000437  SysTick_Handler               
00000439  GPIOPortA_Handler             
0000043b  GPIOPortB_Handler             
0000043d  GPIOPortC_Handler             
0000043f  GPIOPortD_Handler             
00000441  GPIOPortE_Handler             
00000443  UART0_Handler                 
00000445  UART1_Handler                 
00000447  SSI0_Handler                  
00000449  I2C0_Handler                  
0000044b  PWM0Fault_Handler             
0000044d  PWM0Generator0_Handler        
0000044f  PWM0Generator1_Handler        
00000451  PWM0Generator2_Handler        
00000453  Quadrature0_Handler           
00000455  ADC0Seq0_Handler              
00000457  ADC0Seq1_Handler              
00000459  ADC0Seq2_Handler              
0000045b  ADC0Seq3_Handler              
0000045d  WDT_Handler                   
00000461  Timer0B_Handler               
00000463  Timer1A_Handler               
00000465  Timer1B_Handler               
00000467  Timer2A_Handler               
00000469  Timer2B_Handler               
0000046b  Comp0_Handler                 
0000046d  Comp1_Handler                 
0000046f  Comp2_Handler                 
00000471  SysCtl_Handler                
00000473  FlashCtl_Handler              
00000477  GPIOPortG_Handler             
00000479  GPIOPortH_Handler             
0000047b  UART2_Handler                 
0000047d  SSI1_Handler                  
0000047f  Timer3A_Handler               
00000481  Timer3B_Handler               
00000483  I2C1_Handler                  
00000485  Quadrature1_Handler           
00000487  CAN0_Handler                  
00000489  CAN1_Handler                  
0000048b  CAN2_Handler                  
0000048d  Ethernet_Handler              
0000048f  Hibernate_Handler             
00000491  USB0_Handler                  
00000493  PWM0Generator3_Handler        
00000495  uDMA_Handler                  
00000497  uDMA_Error                    
00000499  ADC1Seq0_Handler              
0000049b  ADC1Seq1_Handler              
0000049d  ADC1Seq2_Handler              
0000049f  ADC1Seq3_Handler              
000004a1  I2S0_Handler                  
000004a3  ExtBus_Handler                
000004a5  GPIOPortJ_Handler             
000004a7  GPIOPortK_Handler             
000004a9  GPIOPortL_Handler             
000004ab  SSI2_Handler                  
000004ad  SSI3_Handler                  
000004af  UART3_Handler                 
000004b1  UART4_Handler                 
000004b3  UART5_Handler                 
000004b5  UART6_Handler                 
000004b7  UART7_Handler                 
000004b9  I2C2_Handler                  
000004bb  I2C3_Handler                  
000004bd  Timer4A_Handler               
000004bf  Timer4B_Handler               
000004c1  Timer5A_Handler               
000004c3  Timer5B_Handler               
000004c5  WideTimer0A_Handler           
000004c7  WideTimer0B_Handler           
000004c9  WideTimer1A_Handler           
000004cb  WideTimer1B_Handler           
000004cd  WideTimer2A_Handler           
000004cf  WideTimer2B_Handler           
000004d1  WideTimer3A_Handler           
000004d3  WideTimer3B_Handler           
000004d5  WideTimer4A_Handler           
000004d7  WideTimer4B_Handler           
000004d9  WideTimer5A_Handler           
000004db  WideTimer5B_Handler           
000004dd  FPU_Handler                   
000004df  PECI0_Handler                 
000004e1  LPC0_Handler                  
000004e3  I2C4_Handler                  
000004e5  I2C5_Handler                  
000004e7  GPIOPortM_Handler             
000004e9  GPIOPortN_Handler             
000004eb  Quadrature2_Handler           
000004ed  Fan0_Handler                  
000004ef  GPIOPortP_Handler             
000004f1  GPIOPortP1_Handler            
000004f3  GPIOPortP2_Handler            
000004f5  GPIOPortP3_Handler            
000004f7  GPIOPortP4_Handler            
000004f9  GPIOPortP5_Handler            
000004fb  GPIOPortP6_Handler            
000004fd  GPIOPortP7_Handler            
000004ff  GPIOPortQ_Handler             
00000501  GPIOPortQ1_Handler            
00000503  GPIOPortQ2_Handler            
00000505  GPIOPortQ3_Handler            
00000507  GPIOPortQ4_Handler            
00000509  GPIOPortQ5_Handler            
0000050b  GPIOPortQ6_Handler            
0000050d  GPIOPortQ7_Handler            
0000050f  GPIOPortR_Handler             
00000511  GPIOPortS_Handler             
00000513  PWM1Generator0_Handler        
00000515  PWM1Generator1_Handler        
00000517  PWM1Generator2_Handler        
00000519  PWM1Generator3_Handler        
0000051b  PWM1Fault_Handler             
0000051d  DisableInterrupts             
00000521  EnableInterrupts              
00000525  StartCritical                 
0000052d  EndCritical                   
00000533  WaitForInterrupt              
00000537  __aeabi_memcpy                
00000537  __aeabi_memcpy4               
00000537  __aeabi_memcpy8               
00000537  memcpy                        
000005d3  __TI_decompress_lzss          
0000063d  __TI_auto_init_nobinit_nopinit
00000681  _c_int00_noargs               
000006b9  __TI_decompress_none          
000006c7  _system_pre_init              
000006cb  C$$EXIT                       
000006cb  abort                         
000006d0  __TI_Handler_Table_Base       
000006d8  __TI_Handler_Table_Limit      
000006e0  __TI_CINIT_Base               
000006e8  __TI_CINIT_Limit              
20000000  __stack                       
20000200  FallingEdges                  
20000200  __STACK_END                   
20000200  __STACK_TOP                   
ffffffff  __TI_pprof_out_hndl           
ffffffff  __TI_prof_data_size           
ffffffff  __TI_prof_data_start          
ffffffff  __binit__                     
ffffffff  __c_args__                    
ffffffff  binit                         
UNDEFED   __mpu_init                    
UNDEFED   _system_post_cinit            

[158 symbols]
